Component: ARM Compiler 5.05 update 1 (build 106) Tool: armlink [4d0efa]

==============================================================================

Section Cross References

    startup_stm32f10x_hd.o(STACK) refers (Special) to heapauxi.o(.text) for __use_two_region_memory
    startup_stm32f10x_hd.o(HEAP) refers (Special) to heapauxi.o(.text) for __use_two_region_memory
    startup_stm32f10x_hd.o(RESET) refers (Special) to heapauxi.o(.text) for __use_two_region_memory
    startup_stm32f10x_hd.o(RESET) refers to startup_stm32f10x_hd.o(STACK) for __initial_sp
    startup_stm32f10x_hd.o(RESET) refers to startup_stm32f10x_hd.o(.text) for Reset_Handler
    startup_stm32f10x_hd.o(RESET) refers to stm32f10x_it.o(.text) for NMI_Handler
    startup_stm32f10x_hd.o(RESET) refers to key.o(.text) for EXTI0_IRQHandler
    startup_stm32f10x_hd.o(RESET) refers to dm9000.o(.text) for EXTI9_5_IRQHandler
    startup_stm32f10x_hd.o(RESET) refers to envirdata.o(.text) for TIM2_IRQHandler
    startup_stm32f10x_hd.o(RESET) refers to lwipcomm.o(.text) for TIM3_IRQHandler
    startup_stm32f10x_hd.o(RESET) refers to usart.o(.text) for USART1_IRQHandler
    startup_stm32f10x_hd.o(RESET) refers to mhz14.o(.text) for USART3_IRQHandler
    startup_stm32f10x_hd.o(.text) refers (Special) to heapauxi.o(.text) for __use_two_region_memory
    startup_stm32f10x_hd.o(.text) refers to system_stm32f10x.o(.text) for SystemInit
    startup_stm32f10x_hd.o(.text) refers to __main.o(!!!main) for __main
    startup_stm32f10x_hd.o(.text) refers to startup_stm32f10x_hd.o(HEAP) for Heap_Mem
    startup_stm32f10x_hd.o(.text) refers to startup_stm32f10x_hd.o(STACK) for Stack_Mem
    system_stm32f10x.o(.text) refers to system_stm32f10x.o(.data) for SystemCoreClock
    stm32f10x_adc.o(.text) refers to stm32f10x_rcc.o(.text) for RCC_APB2PeriphResetCmd
    stm32f10x_bkp.o(.text) refers to stm32f10x_rcc.o(.text) for RCC_BackupResetCmd
    stm32f10x_can.o(.text) refers to stm32f10x_rcc.o(.text) for RCC_APB1PeriphResetCmd
    stm32f10x_cec.o(.text) refers to stm32f10x_rcc.o(.text) for RCC_APB1PeriphResetCmd
    stm32f10x_dac.o(.text) refers to stm32f10x_rcc.o(.text) for RCC_APB1PeriphResetCmd
    stm32f10x_gpio.o(.text) refers to stm32f10x_rcc.o(.text) for RCC_APB2PeriphResetCmd
    stm32f10x_i2c.o(.text) refers to stm32f10x_rcc.o(.text) for RCC_APB1PeriphResetCmd
    stm32f10x_pwr.o(.text) refers to stm32f10x_rcc.o(.text) for RCC_APB1PeriphResetCmd
    stm32f10x_rcc.o(.text) refers to stm32f10x_rcc.o(.data) for APBAHBPrescTable
    stm32f10x_spi.o(.text) refers to stm32f10x_rcc.o(.text) for RCC_APB2PeriphResetCmd
    stm32f10x_tim.o(.text) refers to stm32f10x_rcc.o(.text) for RCC_APB2PeriphResetCmd
    stm32f10x_usart.o(.text) refers to stm32f10x_rcc.o(.text) for RCC_APB2PeriphResetCmd
    stm32f10x_wwdg.o(.text) refers to stm32f10x_rcc.o(.text) for RCC_APB1PeriphResetCmd
    led.o(.text) refers to stm32f10x_rcc.o(.text) for RCC_APB2PeriphClockCmd
    led.o(.text) refers to stm32f10x_gpio.o(.text) for GPIO_Init
    sram.o(.text) refers to stm32f10x_rcc.o(.text) for RCC_APB2PeriphClockCmd
    sram.o(.text) refers to stm32f10x_gpio.o(.text) for GPIO_Init
    sram.o(.text) refers to stm32f10x_fsmc.o(.text) for FSMC_NORSRAMInit
    oled.o(.text) refers to stm32f10x_gpio.o(.text) for GPIO_SetBits
    oled.o(.text) refers to stm32f10x_rcc.o(.text) for RCC_APB2PeriphClockCmd
    oled.o(.text) refers to systick.o(.text) for Delay_ms
    oled.o(.text) refers to oled.o(.bss) for OLED_GRAM
    oled.o(.text) refers to oled.o(.constdata) for asc2_1206
    key.o(.text) refers to _printf_percent.o(.ARM.Collect$$_printf_percent$$00000000) for _printf_percent
    key.o(.text) refers to _printf_d.o(.ARM.Collect$$_printf_percent$$00000009) for _printf_d
    key.o(.text) refers to _printf_dec.o(.text) for _printf_int_dec
    key.o(.text) refers to stm32f10x_rcc.o(.text) for RCC_APB2PeriphClockCmd
    key.o(.text) refers to stm32f10x_gpio.o(.text) for GPIO_Init
    key.o(.text) refers to stm32f10x_exti.o(.text) for EXTI_Init
    key.o(.text) refers to misc.o(.text) for NVIC_Init
    key.o(.text) refers to systick.o(.text) for Delay_ms
    key.o(.text) refers to stm32f10x_tim.o(.text) for TIM_Cmd
    key.o(.text) refers to tcp_client.o(.text) for tcp_echoclient_init
    key.o(.text) refers to oled.o(.text) for OLED_Fill
    key.o(.text) refers to noretval__2sprintf.o(.text) for __2sprintf
    key.o(.text) refers to tcp_client.o(.data) for client_pcb
    key.o(.text) refers to lwipcomm.o(.data) for LocalIPAddr
    key.o(.text) refers to key.o(.data) for presscnt
    key.o(.text) refers to main.o(.data) for InterfaceIndex
    usart.o(.text) refers (Special) to use_no_semi_2.o(.text) for __use_no_semihosting
    usart.o(.text) refers to stm32f10x_usart.o(.text) for USART_SendData
    usart.o(.text) refers to stm32f10x_rcc.o(.text) for RCC_APB2PeriphClockCmd
    usart.o(.text) refers to stm32f10x_gpio.o(.text) for GPIO_Init
    usart.o(.text) refers to misc.o(.text) for NVIC_Init
[...]
    __rt_entry_main                          0x08000223   Thumb Code     0  __rtentry2.o(.ARM.Collect$$rtentry$$0000000D)
    __rt_entry_postli_1                      0x08000223   Thumb Code     0  __rtentry2.o(.ARM.Collect$$rtentry$$0000000C)
    __rt_exit                                0x0800022b   Thumb Code     0  rtexit.o(.ARM.Collect$$rtexit$$00000000)
    __rt_exit_ls                             0x0800022d   Thumb Code     0  rtexit2.o(.ARM.Collect$$rtexit$$00000003)
    __rt_exit_prels_1                        0x0800022d   Thumb Code     0  rtexit2.o(.ARM.Collect$$rtexit$$00000002)
    __rt_exit_exit                           0x08000231   Thumb Code     0  rtexit2.o(.ARM.Collect$$rtexit$$00000004)
    Reset_Handler                            0x08000239   Thumb Code     8  startup_stm32f10x_hd.o(.text)
    ADC1_2_IRQHandler                        0x08000253   Thumb Code     0  startup_stm32f10x_hd.o(.text)
    ADC3_IRQHandler                          0x08000253   Thumb Code     0  startup_stm32f10x_hd.o(.text)
    CAN1_RX1_IRQHandler                      0x08000253   Thumb Code     0  startup_stm32f10x_hd.o(.text)
    CAN1_SCE_IRQHandler                      0x08000253   Thumb Code     0  startup_stm32f10x_hd.o(.text)
    DMA1_Channel1_IRQHandler                 0x08000253   Thumb Code     0  startup_stm32f10x_hd.o(.text)
    DMA1_Channel2_IRQHandler                 0x08000253   Thumb Code     0  startup_stm32f10x_hd.o(.text)
    DMA1_Channel3_IRQHandler                 0x08000253   Thumb Code     0  startup_stm32f10x_hd.o(.text)
    DMA1_Channel4_IRQHandler                 0x08000253   Thumb Code     0  startup_stm32f10x_hd.o(.text)
    DMA1_Channel5_IRQHandler                 0x08000253   Thumb Code     0  startup_stm32f10x_hd.o(.text)
    DMA1_Channel6_IRQHandler                 0x08000253   Thumb Code     0  startup_stm32f10x_hd.o(.text)
    DMA1_Channel7_IRQHandler                 0x08000253   Thumb Code     0  startup_stm32f10x_hd.o(.text)
    DMA2_Channel1_IRQHandler                 0x08000253   Thumb Code     0  startup_stm32f10x_hd.o(.text)
    DMA2_Channel2_IRQHandler                 0x08000253   Thumb Code     0  startup_stm32f10x_hd.o(.text)
    DMA2_Channel3_IRQHandler                 0x08000253   Thumb Code     0  startup_stm32f10x_hd.o(.text)
    DMA2_Channel4_5_IRQHandler               0x08000253   Thumb Code     0  startup_stm32f10x_hd.o(.text)
    EXTI15_10_IRQHandler                     0x08000253   Thumb Code     0  startup_stm32f10x_hd.o(.text)
    EXTI1_IRQHandler                         0x08000253   Thumb Code     0  startup_stm32f10x_hd.o(.text)
    FLASH_IRQHandler                         0x08000253   Thumb Code     0  startup_stm32f10x_hd.o(.text)
    FSMC_IRQHandler                          0x08000253   Thumb Code     0  startup_stm32f10x_hd.o(.text)
    I2C1_ER_IRQHandler                       0x08000253   Thumb Code     0  startup_stm32f10x_hd.o(.text)
    I2C1_EV_IRQHandler                       0x08000253   Thumb Code     0  startup_stm32f10x_hd.o(.text)
    I2C2_ER_IRQHandler                       0x08000253   Thumb Code     0  startup_stm32f10x_hd.o(.text)
    I2C2_EV_IRQHandler                       0x08000253   Thumb Code     0  startup_stm32f10x_hd.o(.text)
    PVD_IRQHandler                           0x08000253   Thumb Code     0  startup_stm32f10x_hd.o(.text)
    RCC_IRQHandler                           0x08000253   Thumb Code     0  startup_stm32f10x_hd.o(.text)
    RTCAlarm_IRQHandler                      0x08000253   Thumb Code     0  startup_stm32f10x_hd.o(.text)
    RTC_IRQHandler                           0x08000253   Thumb Code     0  startup_stm32f10x_hd.o(.text)
    SDIO_IRQHandler                          0x08000253   Thumb Code     0  startup_stm32f10x_hd.o(.text)
    SPI1_IRQHandler                          0x08000253   Thumb Code     0  startup_stm32f10x_hd.o(.text)
    SPI2_IRQHandler                          0x08000253   Thumb Code     0  startup_stm32f10x_hd.o(.text)
    SPI3_IRQHandler                          0x08000253   Thumb Code     0  startup_stm32f10x_hd.o(.text)
    TAMPER_IRQHandler                        0x08000253   Thumb Code     0  startup_stm32f10x_hd.o(.text)
    TIM1_BRK_IRQHandler                      0x08000253   Thumb Code     0  startup_stm32f10x_hd.o(.text)
    TIM1_CC_IRQHandler                       0x08000253   Thumb Code     0  startup_stm32f10x_hd.o(.text)
    TIM1_TRG_COM_IRQHandler                  0x08000253   Thumb Code     0  startup_stm32f10x_hd.o(.text)
    TIM1_UP_IRQHandler                       0x08000253   Thumb Code     0  startup_stm32f10x_hd.o(.text)
    TIM4_IRQHandler                          0x08000253   Thumb Code     0  startup_stm32f10x_hd.o(.text)
    TIM5_IRQHandler                          0x08000253   Thumb Code     0  startup_stm32f10x_hd.o(.text)
    TIM6_IRQHandler                          0x08000253   Thumb Code     0  startup_stm32f10x_hd.o(.text)
    TIM7_IRQHandler                          0x08000253   Thumb Code     0  startup_stm32f10x_hd.o(.text)
    TIM8_BRK_IRQHandler                      0x08000253   Thumb Code     0  startup_stm32f10x_hd.o(.text)
    TIM8_CC_IRQHandler                       0x08000253   Thumb Code     0  startup_stm32f10x_hd.o(.text)
    TIM8_TRG_COM_IRQHandler                  0x08000253   Thumb Code     0  startup_stm32f10x_hd.o(.text)
    TIM8_UP_IRQHandler                       0x08000253   Thumb Code     0  startup_stm32f10x_hd.o(.text)
    UART4_IRQHandler                         0x08000253   Thumb Code     0  startup_stm32f10x_hd.o(.text)
    UART5_IRQHandler                         0x08000253   Thumb Code     0  startup_stm32f10x_hd.o(.text)
    USART2_IRQHandler                        0x08000253   Thumb Code     0  startup_stm32f10x_hd.o(.text)
    USBWakeUp_IRQHandler                     0x08000253   Thumb Code     0  startup_stm32f10x_hd.o(.text)
    USB_HP_CAN1_TX_IRQHandler                0x08000253   Thumb Code     0  startup_stm32f10x_hd.o(.text)
    USB_LP_CAN1_RX0_IRQHandler               0x08000253   Thumb Code     0  startup_stm32f10x_hd.o(.text)
    WWDG_IRQHandler                          0x08000253   Thumb Code     0  startup_stm32f10x_hd.o(.text)
    __user_initial_stackheap                 0x08000255   Thumb Code     0  startup_stm32f10x_hd.o(.text)
    SystemInit                               0x08000357   Thumb Code    78  system_stm32f10x.o(.text)
    SystemCoreClockUpdate                    0x080003a5   Thumb Code   142  system_stm32f10x.o(.text)
    NVIC_PriorityGroupConfig                 0x08000459   Thumb Code    10  misc.o(.text)
    NVIC_Init                                0x08000463   Thumb Code   100  misc.o(.text)
    NVIC_SetVectorTable                      0x080004c7   Thumb Code    14  misc.o(.text)
    NVIC_SystemLPConfig                      0x080004d5   Thumb Code    34  misc.o(.text)
    SysTick_CLKSourceConfig                  0x080004f7   Thumb Code    40  misc.o(.text)
    EXTI_DeInit                              0x08000535   Thumb Code    28  stm32f10x_exti.o(.text)
    EXTI_Init                                0x08000551   Thumb Code   142  stm32f10x_exti.o(.text)
    EXTI_StructInit                          0x080005df   Thumb Code    16  stm32f10x_exti.o(.text)
    EXTI_GenerateSWInterrupt                 0x080005ef   Thumb Code    16  stm32f10x_exti.o(.text)
    EXTI_GetFlagStatus                       0x080005ff   Thumb Code    22  stm32f10x_exti.o(.text)
    EXTI_ClearFlag                           0x08000615   Thumb Code     8  stm32f10x_exti.o(.text)
    EXTI_GetITStatus                         0x0800061d   Thumb Code    34  stm32f10x_exti.o(.text)
    EXTI_ClearITPendingBit                   0x0800063f   Thumb Code     8  stm32f10x_exti.o(.text)
    FSMC_NORSRAMDeInit                       0x08000651   Thumb Code    54  stm32f10x_fsmc.o(.text)
    FSMC_NANDDeInit                          0x08000687   Thumb Code    62  stm32f10x_fsmc.o(.text)
    FSMC_PCCARDDeInit                        0x080006c5   Thumb Code    36  stm32f10x_fsmc.o(.text)
    FSMC_NORSRAMInit                         0x080006e9   Thumb Code   230  stm32f10x_fsmc.o(.text)
    FSMC_NANDInit                            0x080007cf   Thumb Code   132  stm32f10x_fsmc.o(.text)
    FSMC_PCCARDInit                          0x08000853   Thumb Code   130  stm32f10x_fsmc.o(.text)
    FSMC_NORSRAMStructInit                   0x080008d5   Thumb Code   114  stm32f10x_fsmc.o(.text)
    FSMC_NANDStructInit                      0x08000947   Thumb Code    54  stm32f10x_fsmc.o(.text)
    FSMC_PCCARDStructInit                    0x0800097d   Thumb Code    60  stm32f10x_fsmc.o(.text)
    FSMC_NORSRAMCmd                          0x080009b9   Thumb Code    46  stm32f10x_fsmc.o(.text)
    FSMC_NANDCmd                             0x080009e7   Thumb Code    86  stm32f10x_fsmc.o(.text)
    FSMC_PCCARDCmd                           0x08000a3d   Thumb Code    44  stm32f10x_fsmc.o(.text)
    FSMC_NANDECCCmd                          0x08000a69   Thumb Code    90  stm32f10x_fsmc.o(.text)
    FSMC_GetECC                              0x08000ac3   Thumb Code    24  stm32f10x_fsmc.o(.text)
    FSMC_ITConfig                            0x08000adb   Thumb Code   128  stm32f10x_fsmc.o(.text)
    FSMC_GetFlagStatus                       0x08000b5b   Thumb Code    54  stm32f10x_fsmc.o(.text)
    FSMC_ClearFlag                           0x08000b91   Thumb Code    62  stm32f10x_fsmc.o(.text)
    FSMC_GetITStatus                         0x08000bcf   Thumb Code    64  stm32f10x_fsmc.o(.text)
    FSMC_ClearITPendingBit                   0x08000c0f   Thumb Code    68  stm32f10x_fsmc.o(.text)
    GPIO_DeInit                              0x08000c5d   Thumb Code   172  stm32f10x_gpio.o(.text)
    GPIO_AFIODeInit                          0x08000d09   Thumb Code    20  stm32f10x_gpio.o(.text)
    GPIO_Init                                0x08000d1d   Thumb Code   278  stm32f10x_gpio.o(.text)
    GPIO_StructInit                          0x08000e33   Thumb Code    16  stm32f10x_gpio.o(.text)
    GPIO_ReadInputDataBit                    0x08000e43   Thumb Code    18  stm32f10x_gpio.o(.text)
    GPIO_ReadInputData                       0x08000e55   Thumb Code     8  stm32f10x_gpio.o(.text)
    GPIO_ReadOutputDataBit                   0x08000e5d   Thumb Code    18  stm32f10x_gpio.o(.text)
    GPIO_ReadOutputData                      0x08000e6f   Thumb Code     8  stm32f10x_gpio.o(.text)
    GPIO_SetBits                             0x08000e77   Thumb Code     4  stm32f10x_gpio.o(.text)
    GPIO_ResetBits                           0x08000e7b   Thumb Code     4  stm32f10x_gpio.o(.text)
    GPIO_WriteBit                            0x08000e7f   Thumb Code    10  stm32f10x_gpio.o(.text)
    GPIO_Write                               0x08000e89   Thumb Code     4  stm32f10x_gpio.o(.text)
    GPIO_PinLockConfig                       0x08000e8d   Thumb Code    18  stm32f10x_gpio.o(.text)
    GPIO_EventOutputConfig                   0x08000e9f   Thumb Code    26  stm32f10x_gpio.o(.text)
    GPIO_EventOutputCmd                      0x08000eb9   Thumb Code     6  stm32f10x_gpio.o(.text)
    GPIO_PinRemapConfig                      0x08000ebf   Thumb Code   138  stm32f10x_gpio.o(.text)
    GPIO_EXTILineConfig                      0x08000f49   Thumb Code    66  stm32f10x_gpio.o(.text)
    GPIO_ETH_MediaInterfaceConfig            0x08000f8b   Thumb Code     8  stm32f10x_gpio.o(.text)
    RCC_DeInit                               0x08000fb9   Thumb Code    64  stm32f10x_rcc.o(.text)
    RCC_HSEConfig                            0x08000ff9   Thumb Code    70  stm32f10x_rcc.o(.text)
    RCC_GetFlagStatus                        0x0800103f   Thumb Code    56  stm32f10x_rcc.o(.text)
    RCC_WaitForHSEStartUp                    0x08001077   Thumb Code    56  stm32f10x_rcc.o(.text)
    RCC_AdjustHSICalibrationValue            0x080010af   Thumb Code    20  stm32f10x_rcc.o(.text)
    RCC_HSICmd                               0x080010c3   Thumb Code     6  stm32f10x_rcc.o(.text)
    RCC_PLLConfig                            0x080010c9   Thumb Code    24  stm32f10x_rcc.o(.text)
    RCC_PLLCmd                               0x080010e1   Thumb Code     6  stm32f10x_rcc.o(.text)
    RCC_SYSCLKConfig                         0x080010e7   Thumb Code    18  stm32f10x_rcc.o(.text)
    RCC_GetSYSCLKSource                      0x080010f9   Thumb Code    10  stm32f10x_rcc.o(.text)
    RCC_HCLKConfig                           0x08001103   Thumb Code    18  stm32f10x_rcc.o(.text)
    RCC_PCLK1Config                          0x08001115   Thumb Code    18  stm32f10x_rcc.o(.text)
    RCC_PCLK2Config                          0x08001127   Thumb Code    20  stm32f10x_rcc.o(.text)
    RCC_ITConfig                             0x0800113b   Thumb Code    26  stm32f10x_rcc.o(.text)
    RCC_USBCLKConfig                         0x08001155   Thumb Code     8  stm32f10x_rcc.o(.text)
    RCC_ADCCLKConfig                         0x0800115d   Thumb Code    18  stm32f10x_rcc.o(.text)
    RCC_LSEConfig                            0x0800116f   Thumb Code    50  stm32f10x_rcc.o(.text)
    RCC_LSICmd                               0x080011a1   Thumb Code     6  stm32f10x_rcc.o(.text)
    RCC_RTCCLKConfig                         0x080011a7   Thumb Code    12  stm32f10x_rcc.o(.text)
    RCC_RTCCLKCmd                            0x080011b3   Thumb Code     8  stm32f10x_rcc.o(.text)
    RCC_GetClocksFreq                        0x080011bb   Thumb Code   192  stm32f10x_rcc.o(.text)
    RCC_AHBPeriphClockCmd                    0x0800127b   Thumb Code    26  stm32f10x_rcc.o(.text)
    RCC_APB2PeriphClockCmd                   0x08001295   Thumb Code    26  stm32f10x_rcc.o(.text)
    RCC_APB1PeriphClockCmd                   0x080012af   Thumb Code    26  stm32f10x_rcc.o(.text)
    RCC_APB2PeriphResetCmd                   0x080012c9   Thumb Code    26  stm32f10x_rcc.o(.text)
    RCC_APB1PeriphResetCmd                   0x080012e3   Thumb Code    26  stm32f10x_rcc.o(.text)
    RCC_BackupResetCmd                       0x080012fd   Thumb Code     8  stm32f10x_rcc.o(.text)
    RCC_ClockSecuritySystemCmd               0x08001305   Thumb Code     6  stm32f10x_rcc.o(.text)
    RCC_MCOConfig                            0x0800130b   Thumb Code     6  stm32f10x_rcc.o(.text)
    RCC_ClearFlag                            0x08001311   Thumb Code    14  stm32f10x_rcc.o(.text)
    RCC_GetITStatus                          0x0800131f   Thumb Code    20  stm32f10x_rcc.o(.text)
    RCC_ClearITPendingBit                    0x08001333   Thumb Code     6  stm32f10x_rcc.o(.text)
    TIM_DeInit                               0x0800135d   Thumb Code   424  stm32f10x_tim.o(.text)
    TIM_TimeBaseInit                         0x08001505   Thumb Code   122  stm32f10x_tim.o(.text)
    TIM_OC1Init                              0x0800157f   Thumb Code   132  stm32f10x_tim.o(.text)
    TIM_OC2Init                              0x08001603   Thumb Code   154  stm32f10x_tim.o(.text)
    TIM_OC3Init                              0x0800169d   Thumb Code   150  stm32f10x_tim.o(.text)
    TIM_OC4Init                              0x08001733   Thumb Code   182  stm32f10x_tim.o(.text)
    TIM_SetIC4Prescaler                      0x080017e9   Thumb Code    26  stm32f10x_tim.o(.text)
    TIM_SetIC3Prescaler                      0x08001885   Thumb Code    18  stm32f10x_tim.o(.text)
    TIM_SetIC2Prescaler                      0x08001911   Thumb Code    26  stm32f10x_tim.o(.text)
    TIM_SetIC1Prescaler                      0x080019ad   Thumb Code    18  stm32f10x_tim.o(.text)
    TIM_ICInit                               0x08001a2b   Thumb Code   150  stm32f10x_tim.o(.text)
    TIM_PWMIConfig                           0x08001ac1   Thumb Code   124  stm32f10x_tim.o(.text)
    TIM_BDTRConfig                           0x08001b3d   Thumb Code    32  stm32f10x_tim.o(.text)
    TIM_TimeBaseStructInit                   0x08001b5d   Thumb Code    18  stm32f10x_tim.o(.text)
    TIM_OCStructInit                         0x08001b6f   Thumb Code    20  stm32f10x_tim.o(.text)
    TIM_ICStructInit                         0x08001b83   Thumb Code    18  stm32f10x_tim.o(.text)
    TIM_BDTRStructInit                       0x08001b95   Thumb Code    40  stm32f10x_tim.o(.text)
    TIM_Cmd                                  0x08001bbd   Thumb Code    24  stm32f10x_tim.o(.text)
    TIM_CtrlPWMOutputs                       0x08001bd5   Thumb Code    30  stm32f10x_tim.o(.text)
    TIM_ITConfig                             0x08001bf3   Thumb Code    18  stm32f10x_tim.o(.text)
    TIM_GenerateEvent                        0x08001c05   Thumb Code     4  stm32f10x_tim.o(.text)
    TIM_DMAConfig                            0x08001c09   Thumb Code    10  stm32f10x_tim.o(.text)
    TIM_DMACmd                               0x08001c13   Thumb Code    18  stm32f10x_tim.o(.text)
    TIM_InternalClockConfig                  0x08001c25   Thumb Code    12  stm32f10x_tim.o(.text)
    TIM_SelectInputTrigger                   0x08001c31   Thumb Code    18  stm32f10x_tim.o(.text)
    TIM_ITRxExternalClockConfig              0x08001c43   Thumb Code    24  stm32f10x_tim.o(.text)
    TIM_TIxExternalClockConfig               0x08001c5b   Thumb Code    62  stm32f10x_tim.o(.text)
    TIM_ETRConfig                            0x08001c99   Thumb Code    28  stm32f10x_tim.o(.text)
    TIM_ETRClockMode1Config                  0x08001cb5   Thumb Code    54  stm32f10x_tim.o(.text)
    TIM_ETRClockMode2Config                  0x08001ceb   Thumb Code    32  stm32f10x_tim.o(.text)
    TIM_PrescalerConfig                      0x08001d0b   Thumb Code     6  stm32f10x_tim.o(.text)
    TIM_CounterModeConfig                    0x08001d11   Thumb Code    18  stm32f10x_tim.o(.text)
    TIM_EncoderInterfaceConfig               0x08001d23   Thumb Code    66  stm32f10x_tim.o(.text)
    TIM_ForcedOC1Config                      0x08001d65   Thumb Code    18  stm32f10x_tim.o(.text)
    TIM_ForcedOC2Config                      0x08001d77   Thumb Code    26  stm32f10x_tim.o(.text)
    TIM_ForcedOC3Config                      0x08001d91   Thumb Code    18  stm32f10x_tim.o(.text)
    TIM_ForcedOC4Config                      0x08001da3   Thumb Code    26  stm32f10x_tim.o(.text)
    TIM_ARRPreloadConfig                     0x08001dbd   Thumb Code    24  stm32f10x_tim.o(.text)
    TIM_SelectCOM                            0x08001dd5   Thumb Code    24  stm32f10x_tim.o(.text)
    TIM_SelectCCDMA                          0x08001ded   Thumb Code    24  stm32f10x_tim.o(.text)
    TIM_CCPreloadControl                     0x08001e05   Thumb Code    24  stm32f10x_tim.o(.text)
    TIM_OC1PreloadConfig                     0x08001e1d   Thumb Code    18  stm32f10x_tim.o(.text)
    TIM_OC2PreloadConfig                     0x08001e2f   Thumb Code    26  stm32f10x_tim.o(.text)
    TIM_OC3PreloadConfig                     0x08001e49   Thumb Code    18  stm32f10x_tim.o(.text)
    TIM_OC4PreloadConfig                     0x08001e5b   Thumb Code    26  stm32f10x_tim.o(.text)
    TIM_OC1FastConfig                        0x08001e75   Thumb Code    18  stm32f10x_tim.o(.text)
    TIM_OC2FastConfig                        0x08001e87   Thumb Code    26  stm32f10x_tim.o(.text)
    TIM_OC3FastConfig                        0x08001ea1   Thumb Code    18  stm32f10x_tim.o(.text)
    TIM_OC4FastConfig                        0x08001eb3   Thumb Code    26  stm32f10x_tim.o(.text)
    TIM_ClearOC1Ref                          0x08001ecd   Thumb Code    18  stm32f10x_tim.o(.text)
    TIM_ClearOC2Ref                          0x08001edf   Thumb Code    24  stm32f10x_tim.o(.text)
    TIM_ClearOC3Ref                          0x08001ef7   Thumb Code    18  stm32f10x_tim.o(.text)
    TIM_ClearOC4Ref                          0x08001f09   Thumb Code    24  stm32f10x_tim.o(.text)
    TIM_OC1PolarityConfig                    0x08001f21   Thumb Code    18  stm32f10x_tim.o(.text)
    TIM_OC1NPolarityConfig                   0x08001f33   Thumb Code    18  stm32f10x_tim.o(.text)
    TIM_OC2PolarityConfig                    0x08001f45   Thumb Code    26  stm32f10x_tim.o(.text)
    TIM_OC2NPolarityConfig                   0x08001f5f   Thumb Code    26  stm32f10x_tim.o(.text)
    TIM_OC3PolarityConfig                    0x08001f79   Thumb Code    26  stm32f10x_tim.o(.text)
    TIM_OC3NPolarityConfig                   0x08001f93   Thumb Code    26  stm32f10x_tim.o(.text)
    TIM_OC4PolarityConfig                    0x08001fad   Thumb Code    26  stm32f10x_tim.o(.text)
    TIM_CCxCmd                               0x08001fc7   Thumb Code    30  stm32f10x_tim.o(.text)
    TIM_CCxNCmd                              0x08001fe5   Thumb Code    30  stm32f10x_tim.o(.text)
    TIM_SelectOCxM                           0x08002003   Thumb Code    82  stm32f10x_tim.o(.text)
    TIM_UpdateDisableConfig                  0x08002055   Thumb Code    24  stm32f10x_tim.o(.text)
    TIM_UpdateRequestConfig                  0x0800206d   Thumb Code    24  stm32f10x_tim.o(.text)
    TIM_SelectHallSensor                     0x08002085   Thumb Code    24  stm32f10x_tim.o(.text)
    TIM_SelectOnePulseMode                   0x0800209d   Thumb Code    18  stm32f10x_tim.o(.text)
    TIM_SelectOutputTrigger                  0x080020af   Thumb Code    18  stm32f10x_tim.o(.text)
    TIM_SelectSlaveMode                      0x080020c1   Thumb Code    18  stm32f10x_tim.o(.text)
    TIM_SelectMasterSlaveMode                0x080020d3   Thumb Code    18  stm32f10x_tim.o(.text)
    TIM_SetCounter                           0x080020e5   Thumb Code     4  stm32f10x_tim.o(.text)
    TIM_SetAutoreload                        0x080020e9   Thumb Code     4  stm32f10x_tim.o(.text)
    TIM_SetCompare1                          0x080020ed   Thumb Code     4  stm32f10x_tim.o(.text)
    TIM_SetCompare2                          0x080020f1   Thumb Code     4  stm32f10x_tim.o(.text)
    TIM_SetCompare3                          0x080020f5   Thumb Code     4  stm32f10x_tim.o(.text)
    TIM_SetCompare4                          0x080020f9   Thumb Code     6  stm32f10x_tim.o(.text)
    TIM_SetClockDivision                     0x080020ff   Thumb Code    18  stm32f10x_tim.o(.text)
    TIM_GetCapture1                          0x08002111   Thumb Code     6  stm32f10x_tim.o(.text)
    TIM_GetCapture2                          0x08002117   Thumb Code     6  stm32f10x_tim.o(.text)
    TIM_GetCapture3                          0x0800211d   Thumb Code     6  stm32f10x_tim.o(.text)
    TIM_GetCapture4                          0x08002123   Thumb Code     8  stm32f10x_tim.o(.text)
    TIM_GetCounter                           0x0800212b   Thumb Code     6  stm32f10x_tim.o(.text)
    TIM_GetPrescaler                         0x08002131   Thumb Code     6  stm32f10x_tim.o(.text)
    TIM_GetFlagStatus                        0x08002137   Thumb Code    18  stm32f10x_tim.o(.text)
    TIM_ClearFlag                            0x08002149   Thumb Code     6  stm32f10x_tim.o(.text)
    TIM_GetITStatus                          0x0800214f   Thumb Code    34  stm32f10x_tim.o(.text)
    TIM_ClearITPendingBit                    0x08002171   Thumb Code     6  stm32f10x_tim.o(.text)
    USART_DeInit                             0x08002179   Thumb Code   134  stm32f10x_usart.o(.text)
    USART_Init                               0x080021ff   Thumb Code   210  stm32f10x_usart.o(.text)
    USART_StructInit                         0x080022d1   Thumb Code    24  stm32f10x_usart.o(.text)
    USART_ClockInit                          0x080022e9   Thumb Code    34  stm32f10x_usart.o(.text)
    USART_ClockStructInit                    0x0800230b   Thumb Code    12  stm32f10x_usart.o(.text)
    USART_Cmd                                0x08002317   Thumb Code    24  stm32f10x_usart.o(.text)
    USART_ITConfig                           0x0800232f   Thumb Code    74  stm32f10x_usart.o(.text)
    USART_DMACmd                             0x08002379   Thumb Code    18  stm32f10x_usart.o(.text)
    USART_SetAddress                         0x0800238b   Thumb Code    18  stm32f10x_usart.o(.text)
    USART_WakeUpConfig                       0x0800239d   Thumb Code    18  stm32f10x_usart.o(.text)
    USART_ReceiverWakeUpCmd                  0x080023af   Thumb Code    24  stm32f10x_usart.o(.text)
    USART_LINBreakDetectLengthConfig         0x080023c7   Thumb Code    18  stm32f10x_usart.o(.text)
    USART_LINCmd                             0x080023d9   Thumb Code    24  stm32f10x_usart.o(.text)
    USART_SendData                           0x080023f1   Thumb Code     8  stm32f10x_usart.o(.text)
    USART_ReceiveData                        0x080023f9   Thumb Code    10  stm32f10x_usart.o(.text)
    USART_SendBreak                          0x08002403   Thumb Code    10  stm32f10x_usart.o(.text)
    USART_SetGuardTime                       0x0800240d   Thumb Code    16  stm32f10x_usart.o(.text)
    USART_SetPrescaler                       0x0800241d   Thumb Code    16  stm32f10x_usart.o(.text)
    USART_SmartCardCmd                       0x0800242d   Thumb Code    24  stm32f10x_usart.o(.text)
    USART_SmartCardNACKCmd                   0x08002445   Thumb Code    24  stm32f10x_usart.o(.text)
    USART_HalfDuplexCmd                      0x0800245d   Thumb Code    24  stm32f10x_usart.o(.text)
    USART_OverSampling8Cmd                   0x08002475   Thumb Code    22  stm32f10x_usart.o(.text)
    USART_OneBitMethodCmd                    0x0800248b   Thumb Code    24  stm32f10x_usart.o(.text)
    USART_IrDAConfig                         0x080024a3   Thumb Code    18  stm32f10x_usart.o(.text)
    USART_IrDACmd                            0x080024b5   Thumb Code    24  stm32f10x_usart.o(.text)
    USART_GetFlagStatus                      0x080024cd   Thumb Code    26  stm32f10x_usart.o(.text)
    USART_ClearFlag                          0x080024e7   Thumb Code    18  stm32f10x_usart.o(.text)
    USART_GetITStatus                        0x080024f9   Thumb Code    84  stm32f10x_usart.o(.text)
    USART_ClearITPendingBit                  0x0800254d   Thumb Code    52  stm32f10x_usart.o(.text)
    LED_Init                                 0x08002581   Thumb Code    80  led.o(.text)
    FSMC_SRAM_Init                           0x080025d9   Thumb Code   182  sram.o(.text)
    FSMC_SRAM_WriteBuffer                    0x0800268f   Thumb Code    24  sram.o(.text)
    FSMC_SRAM_ReadBuffer                     0x080026a7   Thumb Code    26  sram.o(.text)
    FSMC_SRAM_WriteOneByte                   0x080026c1   Thumb Code    16  sram.o(.text)
    FSMC_SRAM_ReadOneByte                    0x080026d1   Thumb Code    20  sram.o(.text)
    OLED_WR_Byte                             0x080026f5   Thumb Code   112  oled.o(.text)
    OLED_RefreshGram                         0x08002765   Thumb Code    70  oled.o(.text)
    OLED_Clear                               0x080027ab   Thumb Code    42  oled.o(.text)
    OLED_Init                                0x080027d5   Thumb Code   332  oled.o(.text)
    OLED_Display_On                          0x08002921   Thumb Code    28  oled.o(.text)
    OLED_Display_Off                         0x0800293d   Thumb Code    28  oled.o(.text)
    OLED_DrawPiont                           0x08002959   Thumb Code    96  oled.o(.text)
    OLED_Fill                                0x080029b9   Thumb Code    74  oled.o(.text)
    OLED_ShowChar                            0x08002a03   Thumb Code   288  oled.o(.text)
    OLED_ShowString                          0x08002b23   Thumb Code    98  oled.o(.text)
    MathPow                                  0x08002b85   Thumb Code    22  oled.o(.text)
    OLED_ShowNum                             0x08002b9b   Thumb Code   148  oled.o(.text)
    OLED_ShowHZ1608                          0x08002c2f   Thumb Code   130  oled.o(.text)
    OLED_ShowBMP                             0x08002cb1   Thumb Code   192  oled.o(.text)
    KEY_Init                                 0x08002d75   Thumb Code   246  key.o(.text)
    EXTI0_IRQHandler                         0x08002e6b   Thumb Code    42  key.o(.text)
    OLED_ShowInterfaceFrame                  0x08002e95   Thumb Code   138  key.o(.text)
    EXTI4_IRQHandler                         0x08002f1f   Thumb Code    74  key.o(.text)
    EXTI3_IRQHandler                         0x08002f69   Thumb Code    38  key.o(.text)
    EXTI2_IRQHandler                         0x08002f8f   Thumb Code    46  key.o(.text)
    _sys_exit                                0x08003025   Thumb Code     6  usart.o(.text)
    fputc                                    0x0800302b   Thumb Code    32  usart.o(.text)
    USART1_Init                              0x0800304b   Thumb Code   152  usart.o(.text)
    USART1_IRQHandler                        0x080030e3   Thumb Code   122  usart.o(.text)
    DM9000_WriteReg                          0x0800316d   Thumb Code    14  dm9000.o(.text)
    DM9000_ReadReg                           0x0800317b   Thumb Code    16  dm9000.o(.text)
    DM9000_PHY_ReadReg                       0x0800318b   Thumb Code    60  dm9000.o(.text)
    DM9000_GetSpeedAndDuplex                 0x080031c7   Thumb Code   110  dm9000.o(.text)
    DM9000_SetMulticast                      0x08003235   Thumb Code    28  dm9000.o(.text)
    DM9000_SetMACAddress                     0x08003251   Thumb Code    28  dm9000.o(.text)
    DM9000_PHY_WriteReg                      0x0800326d   Thumb Code    56  dm9000.o(.text)
    DM9000_SetPHYMode                        0x080032a5   Thumb Code    92  dm9000.o(.text)
    DM9000_GetDeiviceID                      0x08003301   Thumb Code    44  dm9000.o(.text)
    DM9000_Reset                             0x0800332d   Thumb Code   114  dm9000.o(.text)
    DM9000_Init                              0x0800339f   Thumb Code   640  dm9000.o(.text)
    DM9000_SendPacket                        0x0800361f   Thumb Code   166  dm9000.o(.text)
    DM9000_Receive_Packet                    0x080036c5   Thumb Code   338  dm9000.o(.text)
    DMA9000_ISRHandler                       0x08003817   Thumb Code    42  dm9000.o(.text)
    EXTI9_5_IRQHandler                       0x08003841   Thumb Code    24  dm9000.o(.text)
    USART3_Init                              0x08003955   Thumb Code   160  mhz14.o(.text)
    MHZ14_Init                               0x080039f5   Thumb Code    12  mhz14.o(.text)
    MHZ14_SendMeasureComm                    0x08003a01   Thumb Code    40  mhz14.o(.text)
    USART3_IRQHandler                        0x08003a29   Thumb Code   156  mhz14.o(.text)
    DHT11_Init                               0x08003ae1   Thumb Code    46  dht11.o(.text)
    DHT11_Start                              0x08003b0f   Thumb Code    52  dht11.o(.text)
    DHT11_WaiteCheck                         0x08003b43   Thumb Code    96  dht11.o(.text)
    DHT11_ReadBit                            0x08003ba3   Thumb Code    76  dht11.o(.text)
    DHT11_ReadByte                           0x08003bef   Thumb Code    32  dht11.o(.text)
    DHT11_ReadTempHum                        0x08003c0f   Thumb Code   200  dht11.o(.text)
    HardWare_Init                            0x08003cf1   Thumb Code    76  main.o(.text)
    Data_Init                                0x08003d3d   Thumb Code     8  main.o(.text)
    OLED_ShowInitInterface                   0x08003d45   Thumb Code   106  main.o(.text)
    OLED_ShowInterfaceData                   0x08003daf   Thumb Code   342  main.o(.text)
    main                                     0x08003f05   Thumb Code   134  main.o(.text)
    NMI_Handler                              0x08004055   Thumb Code     2  stm32f10x_it.o(.text)
    HardFault_Handler                        0x08004057   Thumb Code     4  stm32f10x_it.o(.text)
    MemManage_Handler                        0x0800405b   Thumb Code     4  stm32f10x_it.o(.text)
    BusFault_Handler                         0x0800405f   Thumb Code     4  stm32f10x_it.o(.text)
    UsageFault_Handler                       0x08004063   Thumb Code     4  stm32f10x_it.o(.text)
    SVC_Handler                              0x08004067   Thumb Code     2  stm32f10x_it.o(.text)
    DebugMon_Handler                         0x08004069   Thumb Code     2  stm32f10x_it.o(.text)
    PendSV_Handler                           0x0800406b   Thumb Code     2  stm32f10x_it.o(.text)
    SysTick_Handler                          0x0800406d   Thumb Code     2  stm32f10x_it.o(.text)
    SysTick_Init                             0x08004071   Thumb Code    42  systick.o(.text)
    Delay_us                                 0x0800409b   Thumb Code    72  systick.o(.text)
    Delay_ms                                 0x080040e3   Thumb Code    72  systick.o(.text)
    mymemcpy                                 0x0800413d   Thumb Code    26  malloc.o(.text)
    mymemset                                 0x08004157   Thumb Code    20  malloc.o(.text)
    my_mem_init                              0x0800416b   Thumb Code    54  malloc.o(.text)
    my_mem_preused                           0x080041a1   Thumb Code    56  malloc.o(.text)
    my_mem_malloc                            0x080041d9   Thumb Code   160  malloc.o(.text)
    mymalloc                                 0x08004279   Thumb Code    34  malloc.o(.text)
    my_mem_free                              0x0800429b   Thumb Code   102  malloc.o(.text)
    myfree                                   0x08004301   Thumb Code    30  malloc.o(.text)
    myrealloc                                0x0800431f   Thumb Code    64  malloc.o(.text)
    TIM2_Init                                0x08004371   Thumb Code    92  envirdata.o(.text)
    PacketData_Init                          0x080043cd   Thumb Code   108  envirdata.o(.text)
    Send_EnvirPacketData                     0x08004439   Thumb Code   146  envirdata.o(.text)
    TIM2_IRQHandler                          0x080044cb   Thumb Code   116  envirdata.o(.text)
    lwip_htons                               0x08004585   Thumb Code    12  def.o(.text)
    lwip_ntohs                               0x08004591   Thumb Code    12  def.o(.text)
    lwip_htonl                               0x0800459d   Thumb Code    26  def.o(.text)
    lwip_ntohl                               0x080045b7   Thumb Code    12  def.o(.text)
    lwip_init                                0x080045c3   Thumb Code    28  init.o(.text)
    mem_init                                 0x080046bb   Thumb Code    78  mem.o(.text)
    mem_free                                 0x08004709   Thumb Code   156  mem.o(.text)
    mem_trim                                 0x080047a5   Thumb Code   312  mem.o(.text)
    mem_malloc                               0x080048dd   Thumb Code   744  mem.o(.text)
    mem_calloc                               0x08004bc5   Thumb Code    34  mem.o(.text)
    memp_get_memorysize                      0x08004c95   Thumb Code     8  memp.o(.text)
    memp_init                                0x08004c9d   Thumb Code    86  memp.o(.text)
    memp_malloc                              0x08004cf3   Thumb Code    80  memp.o(.text)
    memp_free                                0x08004d43   Thumb Code    58  memp.o(.text)
    netif_init                               0x08004e41   Thumb Code     2  netif.o(.text)
    netif_set_gw                             0x08004e43   Thumb Code    16  netif.o(.text)
    netif_set_netmask                        0x08004e53   Thumb Code    16  netif.o(.text)
    netif_set_ipaddr                         0x08004e63   Thumb Code   124  netif.o(.text)
    netif_set_addr                           0x08004edf   Thumb Code    40  netif.o(.text)
    netif_add                                0x08004f07   Thumb Code   146  netif.o(.text)
    netif_set_default                        0x08004f99   Thumb Code    10  netif.o(.text)
    netif_set_down                           0x08004fa3   Thumb Code    42  netif.o(.text)
    netif_remove                             0x08004fcd   Thumb Code    94  netif.o(.text)
    netif_find                               0x0800502b   Thumb Code    72  netif.o(.text)
    netif_set_up                             0x08005073   Thumb Code    54  netif.o(.text)
    netif_set_link_up                        0x080050a9   Thumb Code    54  netif.o(.text)
    netif_set_link_down                      0x080050df   Thumb Code    24  netif.o(.text)
    pbuf_free                                0x08005175   Thumb Code   260  pbuf.o(.text)
    pbuf_alloc                               0x08005279   Thumb Code   660  pbuf.o(.text)
    pbuf_alloced_custom                      0x0800550d   Thumb Code   656  pbuf.o(.text)
    pbuf_realloc                             0x0800579d   Thumb Code   268  pbuf.o(.text)
    pbuf_header                              0x080058a9   Thumb Code   198  pbuf.o(.text)
    pbuf_clen                                0x0800596f   Thumb Code    18  pbuf.o(.text)
    pbuf_ref                                 0x08005981   Thumb Code    10  pbuf.o(.text)
    pbuf_cat                                 0x0800598b   Thumb Code   120  pbuf.o(.text)
    pbuf_chain                               0x08005a03   Thumb Code    26  pbuf.o(.text)
    pbuf_dechain                             0x08005a1d   Thumb Code   132  pbuf.o(.text)
    pbuf_copy                                0x08005aa1   Thumb Code   748  pbuf.o(.text)
    pbuf_copy_partial                        0x08005d8d   Thumb Code   158  pbuf.o(.text)
    pbuf_take                                0x08005e2b   Thumb Code   178  pbuf.o(.text)
    pbuf_coalesce                            0x08005edd   Thumb Code    84  pbuf.o(.text)
    pbuf_get_at                              0x08005f31   Thumb Code    46  pbuf.o(.text)
    pbuf_memcmp                              0x08005f5f   Thumb Code    96  pbuf.o(.text)
    pbuf_memfind                             0x08005fbf   Thumb Code    76  pbuf.o(.text)
    pbuf_strstr                              0x0800600b   Thumb Code    60  pbuf.o(.text)
    raw_input                                0x0800615d   Thumb Code   102  raw.o(.text)
    raw_bind                                 0x080061c3   Thumb Code    16  raw.o(.text)
    raw_connect                              0x080061d3   Thumb Code    16  raw.o(.text)
    raw_recv                                 0x080061e3   Thumb Code     6  raw.o(.text)
    raw_sendto                               0x080061e9   Thumb Code   190  raw.o(.text)
    raw_send                                 0x080062a7   Thumb Code    18  raw.o(.text)
    raw_remove                               0x080062b9   Thumb Code    60  raw.o(.text)
    raw_new                                  0x080062f5   Thumb Code    46  raw.o(.text)
    tcp_init                                 0x080063a9   Thumb Code     2  tcp.o(.text)
    tcp_seg_free                             0x080063ab   Thumb Code    26  tcp.o(.text)
    tcp_segs_free                            0x080063c5   Thumb Code    24  tcp.o(.text)
    tcp_pcb_purge                            0x080063dd   Thumb Code    88  tcp.o(.text)
    tcp_slowtmr                              0x08006435   Thumb Code  1432  tcp.o(.text)
    tcp_pcb_remove                           0x080069cd   Thumb Code   192  tcp.o(.text)
    tcp_close                                0x08006c59   Thumb Code    28  tcp.o(.text)
    tcp_update_rcv_ann_wnd                   0x08006c75   Thumb Code   106  tcp.o(.text)
    tcp_recved                               0x08006cdf   Thumb Code   430  tcp.o(.text)
    tcp_recv_null                            0x08006e8d   Thumb Code    46  tcp.o(.text)
    tcp_process_refused_data                 0x08006ebb   Thumb Code   148  tcp.o(.text)
    tcp_fasttmr                              0x08006f4f   Thumb Code   114  tcp.o(.text)
    tcp_tmr                                  0x08006fc1   Thumb Code    30  tcp.o(.text)
    tcp_shutdown                             0x08006fdf   Thumb Code    98  tcp.o(.text)
    tcp_abandon                              0x08007041   Thumb Code   168  tcp.o(.text)
    tcp_abort                                0x080070e9   Thumb Code    14  tcp.o(.text)
    tcp_bind                                 0x08007157   Thumb Code   152  tcp.o(.text)
    tcp_listen_with_backlog                  0x080071f7   Thumb Code   204  tcp.o(.text)
    tcp_eff_send_mss                         0x080072c3   Thumb Code    46  tcp.o(.text)
    tcp_next_iss                             0x080072f1   Thumb Code    20  tcp.o(.text)
    tcp_connect                              0x08007305   Thumb Code   564  tcp.o(.text)
    tcp_setprio                              0x08007539   Thumb Code     4  tcp.o(.text)
    tcp_alloc                                0x080075c3   Thumb Code   182  tcp.o(.text)
    tcp_new                                  0x08007679   Thumb Code    10  tcp.o(.text)
    tcp_arg                                  0x08007683   Thumb Code     4  tcp.o(.text)
    tcp_recv                                 0x08007687   Thumb Code    42  tcp.o(.text)
    tcp_sent                                 0x080076b1   Thumb Code    42  tcp.o(.text)
    tcp_err                                  0x080076db   Thumb Code    44  tcp.o(.text)
    tcp_accept                               0x08007707   Thumb Code     4  tcp.o(.text)
    tcp_poll                                 0x0800770b   Thumb Code    50  tcp.o(.text)
    tcp_debug_state_str                      0x0800773d   Thumb Code    10  tcp.o(.text)
    tcp_input                                0x080089cf   Thumb Code  1698  tcp_in.o(.text)
    tcp_enqueue_flags                        0x080091e1   Thumb Code   418  tcp_out.o(.text)
    tcp_send_fin                             0x08009383   Thumb Code    74  tcp_out.o(.text)
    tcp_write                                0x08009667   Thumb Code  1728  tcp_out.o(.text)
    tcp_send_empty_ack                       0x08009d27   Thumb Code   104  tcp_out.o(.text)
    tcp_output                               0x08009e77   Thumb Code   708  tcp_out.o(.text)
    tcp_rst                                  0x0800a13b   Thumb Code   180  tcp_out.o(.text)
    tcp_rexmit_rto                           0x0800a1ef   Thumb Code    58  tcp_out.o(.text)
    tcp_rexmit                               0x0800a229   Thumb Code    90  tcp_out.o(.text)
    tcp_rexmit_fast                          0x0800a283   Thumb Code   120  tcp_out.o(.text)
    tcp_keepalive                            0x0800a2fb   Thumb Code   102  tcp_out.o(.text)
    tcp_zero_window_probe                    0x0800a361   Thumb Code   198  tcp_out.o(.text)
    sys_timeout                              0x0800a429   Thumb Code   174  timers.o(.text)
    tcp_timer_needed                         0x0800a4ff   Thumb Code    38  timers.o(.text)
    sys_timeouts_init                        0x0800a559   Thumb Code    36  timers.o(.text)
    sys_untimeout                            0x0800a57d   Thumb Code    90  timers.o(.text)
    sys_check_timeouts                       0x0800a5d7   Thumb Code    92  timers.o(.text)
    sys_restart_timeouts                     0x0800a633   Thumb Code    12  timers.o(.text)
    udp_init                                 0x0800a6f5   Thumb Code     2  udp.o(.text)
    udp_input                                0x0800a747   Thumb Code   490  udp.o(.text)
    udp_bind                                 0x0800a931   Thumb Code   170  udp.o(.text)
    udp_sendto_if                            0x0800a9db   Thumb Code   504  udp.o(.text)
    udp_sendto                               0x0800abd3   Thumb Code    54  udp.o(.text)
    udp_send                                 0x0800ac09   Thumb Code    20  udp.o(.text)
    udp_connect                              0x0800ac1d   Thumb Code    98  udp.o(.text)
    udp_disconnect                           0x0800ac7f   Thumb Code    16  udp.o(.text)
    udp_recv                                 0x0800ac8f   Thumb Code     6  udp.o(.text)
    udp_remove                               0x0800ac95   Thumb Code    60  udp.o(.text)
    udp_new                                  0x0800acd1   Thumb Code    28  udp.o(.text)
    icmp_input                               0x0800acf1   Thumb Code   524  icmp.o(.text)
    icmp_dest_unreach                        0x0800af9d   Thumb Code    18  icmp.o(.text)
    icmp_time_exceeded                       0x0800afaf   Thumb Code    18  icmp.o(.text)
    inet_chksum_pseudo                       0x0800b193   Thumb Code   170  inet_chksum.o(.text)
    inet_chksum_pseudo_partial               0x0800b23d   Thumb Code   218  inet_chksum.o(.text)
    inet_chksum                              0x0800b317   Thumb Code    20  inet_chksum.o(.text)
    inet_chksum_pbuf                         0x0800b32b   Thumb Code    86  inet_chksum.o(.text)
    ip_route                                 0x0800b3e9   Thumb Code    80  ip.o(.text)
    ip_input                                 0x0800b439   Thumb Code   458  ip.o(.text)
    ip_output_if                             0x0800b603   Thumb Code   318  ip.o(.text)
    ip_output                                0x0800b741   Thumb Code    84  ip.o(.text)
    ip4_addr_isbroadcast                     0x0800b841   Thumb Code    78  ip_addr.o(.text)
    ip4_addr_netmask_valid                   0x0800b88f   Thumb Code    56  ip_addr.o(.text)
    ipaddr_aton                              0x0800b8c7   Thumb Code   364  ip_addr.o(.text)
    ipaddr_addr                              0x0800ba33   Thumb Code    24  ip_addr.o(.text)
    ipaddr_ntoa_r                            0x0800ba4b   Thumb Code   168  ip_addr.o(.text)
    ipaddr_ntoa                              0x0800baf3   Thumb Code    16  ip_addr.o(.text)
    ip_reass_tmr                             0x0800bcbd   Thumb Code    56  ip_frag.o(.text)
    ip_reass                                 0x0800c0f9   Thumb Code   410  ip_frag.o(.text)
    ip_frag                                  0x0800c319   Thumb Code   630  ip_frag.o(.text)
    etharp_tmr                               0x0800c605   Thumb Code   144  etharp.o(.text)
    etharp_cleanup_netif                     0x0800cae3   Thumb Code    52  etharp.o(.text)
    etharp_find_addr                         0x0800cb17   Thumb Code   110  etharp.o(.text)
    etharp_request                           0x0800cddf   Thumb Code    40  etharp.o(.text)
    etharp_query                             0x0800ce95   Thumb Code   646  etharp.o(.text)
    etharp_output                            0x0800d11b   Thumb Code   392  etharp.o(.text)
    ethernet_input                           0x0800d2a3   Thumb Code   204  etharp.o(.text)
    ethernetif_input                         0x0800d463   Thumb Code    48  ethernetif.o(.text)
    ethernetif_init                          0x0800d493   Thumb Code    56  ethernetif.o(.text)
    TIM3_Init                                0x0800d541   Thumb Code    88  lwipcomm.o(.text)
    TIM3_IRQHandler                          0x0800d599   Thumb Code    34  lwipcomm.o(.text)
    sys_now                                  0x0800d5bb   Thumb Code     6  lwipcomm.o(.text)
    lwip_comm_mem_free                       0x0800d5c1   Thumb Code    24  lwipcomm.o(.text)
    lwip_comm_mem_malloc                     0x0800d5d9   Thumb Code    60  lwipcomm.o(.text)
    LwIP_Init_task                           0x0800d615   Thumb Code   120  lwipcomm.o(.text)
    lwip_pkt_handle                          0x0800d68d   Thumb Code    10  lwipcomm.o(.text)
    tcp_client_connect_close                 0x0800d6d9   Thumb Code   110  tcp_client.o(.text)
    tcp_err_client                           0x0800d747   Thumb Code    24  tcp_client.o(.text)
    tcp_client_senddata                      0x0800d75f   Thumb Code    80  tcp_client.o(.text)
    tcp_sent_client                          0x0800d7af   Thumb Code    30  tcp_client.o(.text)
    tcp_poll_client                          0x0800d7cd   Thumb Code    62  tcp_client.o(.text)
    tcp_recv_client                          0x0800d80b   Thumb Code   180  tcp_client.o(.text)
    tcp_connect_client                       0x0800d8bf   Thumb Code   148  tcp_client.o(.text)
    tcp_echoclient_init                      0x0800d953   Thumb Code    64  tcp_client.o(.text)
    __use_no_semihosting                     0x0800da15   Thumb Code     2  use_no_semi_2.o(.text)
    __2printf                                0x0800da19   Thumb Code    20  noretval__2printf.o(.text)
    __2sprintf                               0x0800da31   Thumb Code    34  noretval__2sprintf.o(.text)
    _printf_pre_padding                      0x0800da59   Thumb Code    44  _printf_pad.o(.text)
    _printf_post_padding                     0x0800da85   Thumb Code    34  _printf_pad.o(.text)
    _printf_str                              0x0800daa7   Thumb Code    82  _printf_str.o(.text)
    _printf_int_dec                          0x0800daf9   Thumb Code   104  _printf_dec.o(.text)
    _printf_int_hex                          0x0800db71   Thumb Code    84  _printf_hex_int.o(.text)
    _printf_longlong_hex                     0x0800db71   Thumb Code     0  _printf_hex_int.o(.text)
    __printf                                 0x0800dbc9   Thumb Code   308  __printf_flags_wp.o(.text)
    memcmp                                   0x0800dd01   Thumb Code    88  memcmp.o(.text)
    strcpy                                   0x0800dd59   Thumb Code    72  strcpy.o(.text)
    strlen                                   0x0800dda1   Thumb Code    62  strlen.o(.text)
    __aeabi_memcpy                           0x0800dddf   Thumb Code     0  rt_memcpy_v6.o(.text)
    __rt_memcpy                              0x0800dddf   Thumb Code   138  rt_memcpy_v6.o(.text)
    _memcpy_lastbytes                        0x0800de45   Thumb Code     0  rt_memcpy_v6.o(.text)
    __aeabi_memclr                           0x0800de69   Thumb Code     0  rt_memclr.o(.text)
    __rt_memclr                              0x0800de69   Thumb Code    68  rt_memclr.o(.text)
    _memset                                  0x0800de6d   Thumb Code     0  rt_memclr.o(.text)
    __aeabi_memclr4                          0x0800dead   Thumb Code     0  rt_memclr_w.o(.text)
    __aeabi_memclr8                          0x0800dead   Thumb Code     0  rt_memclr_w.o(.text)
    __rt_memclr_w                            0x0800dead   Thumb Code    78  rt_memclr_w.o(.text)
    _memset_w                                0x0800deb1   Thumb Code     0  rt_memclr_w.o(.text)
    strcmp                                   0x0800defd   Thumb Code   128  strcmpv7m.o(.text)
    __use_two_region_memory                  0x0800df7d   Thumb Code     2  heapauxi.o(.text)
    __rt_heap_escrow$2region                 0x0800df7f   Thumb Code     2  heapauxi.o(.text)
    __rt_heap_expand$2region                 0x0800df81   Thumb Code     2  heapauxi.o(.text)
    __I$use$semihosting                      0x0800df83   Thumb Code     0  use_no_semi.o(.text)
    __use_no_semihosting_swi                 0x0800df83   Thumb Code     2  use_no_semi.o(.text)
    _printf_int_common                       0x0800df85   Thumb Code   178  _printf_intcommon.o(.text)
    __lib_sel_fp_printf                      0x0800e037   Thumb Code     2  _printf_fp_dec.o(.text)
    _printf_fp_dec_real                      0x0800e1e5   Thumb Code   620  _printf_fp_dec.o(.text)
    _printf_char_common                      0x0800e45b   Thumb Code    32  _printf_char_common.o(.text)
    _sputc                                   0x0800e481   Thumb Code    10  _sputc.o(.text)
    _printf_cs_common                        0x0800e48b   Thumb Code    20  _printf_char.o(.text)
    _printf_char                             0x0800e49f   Thumb Code    16  _printf_char.o(.text)
    _printf_string                           0x0800e4af   Thumb Code     8  _printf_char.o(.text)
    _printf_char_file                        0x0800e4b9   Thumb Code    32  _printf_char_file.o(.text)
    __aeabi_memcpy4                          0x0800e4dd   Thumb Code     0  rt_memcpy_w.o(.text)
    __aeabi_memcpy8                          0x0800e4dd   Thumb Code     0  rt_memcpy_w.o(.text)
    __rt_memcpy_w                            0x0800e4dd   Thumb Code   100  rt_memcpy_w.o(.text)
    _memcpy_lastbytes_aligned                0x0800e525   Thumb Code     0  rt_memcpy_w.o(.text)
    __rt_locale                              0x0800e541   Thumb Code     8  rt_locale_intlibspace.o(.text)
    _ll_udiv10                               0x0800e549   Thumb Code   138  lludiv10.o(.text)
    _printf_fp_infnan                        0x0800e5d5   Thumb Code   112  _printf_fp_infnan.o(.text)
    _btod_etento                             0x0800e655   Thumb Code   216  bigflt0.o(.text)
    ferror                                   0x0800e731   Thumb Code     8  ferror.o(.text)
    __user_libspace                          0x0800e739   Thumb Code     8  libspace.o(.text)
    __user_perproc_libspace                  0x0800e739   Thumb Code     0  libspace.o(.text)
    __user_perthread_libspace                0x0800e739   Thumb Code     0  libspace.o(.text)
    __user_setup_stackheap                   0x0800e741   Thumb Code    74  sys_stackheap_outer.o(.text)
    exit                                     0x0800e78b   Thumb Code    12  exit.o(.text)
    _btod_d2e                                0x0800e797   Thumb Code    62  btod.o(CL$$btod_d2e)
    _d2e_denorm_low                          0x0800e7d5   Thumb Code    70  btod.o(CL$$btod_d2e_denorm_low)
    _d2e_norm_op1                            0x0800e81b   Thumb Code    96  btod.o(CL$$btod_d2e_norm_op1)
    __btod_div_common                        0x0800e87b   Thumb Code   696  btod.o(CL$$btod_div_common)
    _e2e                                     0x0800ebb3   Thumb Code   198  btod.o(CL$$btod_e2e)
    _btod_ediv                               0x0800ec79   Thumb Code    40  btod.o(CL$$btod_ediv)
    _btod_emul                               0x0800eca1   Thumb Code    40  btod.o(CL$$btod_emul)
    __btod_mult_common                       0x0800ecc9   Thumb Code   580  btod.o(CL$$btod_mult_common)
    __ARM_fpclassify                         0x0800ef0d   Thumb Code    40  fpclassify.o(i.__ARM_fpclassify)
    _is_digit                                0x0800ef35   Thumb Code    14  __printf_wp.o(i._is_digit)
    _get_lc_numeric                          0x0800ef45   Thumb Code    44  lc_numeric_c.o(locale$$code)
    __aeabi_d2f                              0x0800ef71   Thumb Code     0  d2f.o(x$fpl$d2f)
    _d2f                                     0x0800ef71   Thumb Code    98  d2f.o(x$fpl$d2f)
    __aeabi_dadd                             0x0800efd5   Thumb Code     0  daddsub_clz.o(x$fpl$dadd)
    _dadd                                    0x0800efd5   Thumb Code   332  daddsub_clz.o(x$fpl$dadd)
    __aeabi_ui2d                             0x0800f125   Thumb Code     0  dflt_clz.o(x$fpl$dfltu)
    _dfltu                                   0x0800f125   Thumb Code    38  dflt_clz.o(x$fpl$dfltu)
    __aeabi_dmul                             0x0800f14d   Thumb Code     0  dmul.o(x$fpl$dmul)
    _dmul                                    0x0800f14d   Thumb Code   332  dmul.o(x$fpl$dmul)
    __fpl_dnaninf                            0x0800f2a1   Thumb Code   156  dnaninf.o(x$fpl$dnaninf)
    __fpl_dretinf                            0x0800f33d   Thumb Code    12  dretinf.o(x$fpl$dretinf)
    __aeabi_dsub                             0x0800f349   Thumb Code     0  daddsub_clz.o(x$fpl$dsub)
    _dsub                                    0x0800f349   Thumb Code   464  daddsub_clz.o(x$fpl$dsub)
    __aeabi_f2d                              0x0800f51d   Thumb Code     0  f2d.o(x$fpl$f2d)
    _f2d                                     0x0800f51d   Thumb Code    86  f2d.o(x$fpl$f2d)
    __fpl_fnaninf                            0x0800f573   Thumb Code   140  fnaninf.o(x$fpl$fnaninf)
    __fpl_fretinf                            0x0800f5ff   Thumb Code    10  fretinf.o(x$fpl$fretinf)
    _printf_fp_dec                           0x0800f609   Thumb Code     4  printf1.o(x$fpl$printf1)
    __I$use$fp                               0x0800f60c   Number         0  usenofp.o(x$fpl$usenofp)
    asc2_1206                                0x0800f60c   Data        1140  oled.o(.constdata)
    asc2_1608                                0x0800fa80   Data        1520  oled.o(.constdata)
    asc2_2412                                0x08010070   Data        3420  oled.o(.constdata)
    HZ1608                                   0x08010dcc   Data         192  oled.o(.constdata)
    ICONBMP                                  0x08010e8c   Data          64  oled.o(.constdata)
    MHZ14_ReadComm                           0x08010ecc   Data           9  mhz14.o(.constdata)
    MHZ14_ZERO                               0x08010ed5   Data           9  mhz14.o(.constdata)
    memtabsize                               0x08010ee0   Data           8  malloc.o(.constdata)
    memblocksize                             0x08010ee8   Data           8  malloc.o(.constdata)
    memsize                                  0x08010ef0   Data           8  malloc.o(.constdata)
    tcp_state_str                            0x08010f20   Data          44  tcp.o(.constdata)
    tcp_backoff                              0x08010f4c   Data          13  tcp.o(.constdata)
    tcp_persist_backoff                      0x08010f59   Data           7  tcp.o(.constdata)
    tcp_pcb_lists                            0x08010f60   Data          16  tcp.o(.constdata)
    ethbroadcast                             0x08010f70   Data           6  etharp.o(.constdata)
    ethzero                                  0x08010f76   Data           6  etharp.o(.constdata)
    Region$$Table$$Base                      0x080111c8   Number         0  anon$$obj.o(Region$$Table)
    Region$$Table$$Limit                     0x080111e8   Number         0  anon$$obj.o(Region$$Table)
    SystemCoreClock                          0x20000000   Data           4  system_stm32f10x.o(.data)
    AHBPrescTable                            0x20000004   Data          16  system_stm32f10x.o(.data)
    USART1_RX_STA                            0x2000002c   Data           2  usart.o(.data)
    __stdout                                 0x20000030   Data           4  usart.o(.data)
    InterfaceIndex                           0x20000035   Data           1  main.o(.data)
    malloc_dev                               0x20000044   Data          28  malloc.o(.data)
    CO2Data_Ready                            0x20000060   Data           1  envirdata.o(.data)
    TempHumiData_Ready                       0x20000061   Data           1  envirdata.o(.data)
    ram_heap                                 0x20000064   Data           4  mem.o(.data)
    memp_memory                              0x2000009c   Data           4  memp.o(.data)
    netif_list                               0x200000a0   Data           4  netif.o(.data)
    netif_default                            0x200000a4   Data           4  netif.o(.data)
    tcp_ticks                                0x200000b4   Data           4  tcp.o(.data)
    tcp_bound_pcbs                           0x200000b8   Data           4  tcp.o(.data)
    tcp_listen_pcbs                          0x200000bc   Data           4  tcp.o(.data)
    tcp_active_pcbs                          0x200000c0   Data           4  tcp.o(.data)
    tcp_tw_pcbs                              0x200000c4   Data           4  tcp.o(.data)
    tcp_tmp_pcb                              0x200000c8   Data           4  tcp.o(.data)
    tcp_active_pcbs_changed                  0x200000cc   Data           1  tcp.o(.data)
    tcp_input_pcb                            0x200000f0   Data           4  tcp_in.o(.data)
    udp_pcbs                                 0x20000104   Data           4  udp.o(.data)
    current_netif                            0x20000108   Data           4  ip.o(.data)
    current_header                           0x2000010c   Data           4  ip.o(.data)
    current_iphdr_src                        0x20000110   Data           4  ip.o(.data)
    current_iphdr_dest                       0x20000114   Data           4  ip.o(.data)
    TCPTimer                                 0x20000124   Data           4  lwipcomm.o(.data)
    ARPTimer                                 0x20000128   Data           4  lwipcomm.o(.data)
    lwip_localtime                           0x2000012c   Data           4  lwipcomm.o(.data)
    LocalIPAddr                              0x20000130   Data           4  lwipcomm.o(.data)
    tcp_client_flag                          0x20000134   Data           1  tcp_client.o(.data)
    client_pcb                               0x20000138   Data           4  tcp_client.o(.data)
    OLED_GRAM                                0x2000013c   Data        1024  oled.o(.bss)
    USART1_RX_BUFF                           0x2000053c   Data         200  usart.o(.bss)
    DM9000Cfg                                0x20000604   Data          18  dm9000.o(.bss)
    MHZ14_RecvMeasureData                    0x20000616   Data           9  mhz14.o(.bss)
    INMEMBase                                0x20000620   Data       30720  malloc.o(.bss)
    INMEMMapBase                             0x20007e20   Data        1920  malloc.o(.bss)
    Envir_Packetdata                         0x200085a0   Data          60  envirdata.o(.bss)
    Envir_collectedVlaue                     0x200085dc   Data          12  envirdata.o(.bss)
    DM9000_netif                             0x200086fc   Data          48  lwipcomm.o(.bss)
    netdev_inform                            0x2000872c   Data          22  lwipcomm.o(.bss)
    tcp_client_revdata                       0x20008742   Data          20  tcp_client.o(.bss)
    __libspace_start                         0x20008758   Data          96  libspace.o(.bss)
    __temporary_stack_top$libspace           0x200087b8   Data           0  libspace.o(.bss)
    EXMEMBase                                0x68000000   Data       983040  malloc.o(.ARM.__AT_0x68000000)
    EXMEMMapBase                             0x680f0000   Data       61440  malloc.o(.ARM.__AT_0x680F0000)



==============================================================================

Memory Map of the image

  Image Entry point : 0x08000131

  Load Region LR_IROM1 (Base: 0x08000000, Size: 0x00011340, Max: 0x00080000, ABSOLUTE, COMPRESSED[0x00011268])

    Execution Region ER_IROM1 (Base: 0x08000000, Size: 0x00011204, Max: 0x00080000, ABSOLUTE)

    Base Addr    Size         Type   Attr      Idx    E Section Name        Object

    0x08000000   0x00000130   Data   RO            3    RESET               startup_stm32f10x_hd.o
    0x08000130   0x00000008   Code   RO         1424  * !!!main             c_w.l(__main.o)
    0x08000138   0x00000034   Code   RO         1671    !!!scatter          c_w.l(__scatter.o)
    0x0800016c   0x0000005a   Code   RO         1669    !!dczerorl2         c_w.l(__dczerorl2.o)
    0x080001c6   0x00000002   PAD
    0x080001c8   0x0000001c   Code   RO         1673    !!handler_zi        c_w.l(__scatter_zi.o)
    0x080001e4   0x00000000   Code   RO         1407    .ARM.Collect$$_printf_percent$$00000000  c_w.l(_printf_percent.o)
    0x080001e4   0x00000006   Code   RO         1406    .ARM.Collect$$_printf_percent$$00000003  c_w.l(_printf_f.o)
    0x080001ea   0x00000006   Code   RO         1405    .ARM.Collect$$_printf_percent$$00000009  c_w.l(_printf_d.o)
    0x080001f0   0x00000006   Code   RO         1404    .ARM.Collect$$_printf_percent$$0000000C  c_w.l(_printf_x.o)
    0x080001f6   0x00000006   Code   RO         1403    .ARM.Collect$$_printf_percent$$00000014  c_w.l(_printf_s.o)
    0x080001fc   0x00000004   Code   RO         1461    .ARM.Collect$$_printf_percent$$00000017  c_w.l(_printf_percent_end.o)
    0x08000200   0x00000002   Code   RO         1547    .ARM.Collect$$libinit$$00000000  c_w.l(libinit.o)
    0x08000202   0x00000000   Code   RO         1549    .ARM.Collect$$libinit$$00000002  c_w.l(libinit2.o)
    0x08000202   0x00000000   Code   RO         1551    .ARM.Collect$$libinit$$00000004  c_w.l(libinit2.o)
    0x08000202   0x00000000   Code   RO         1554    .ARM.Collect$$libinit$$0000000A  c_w.l(libinit2.o)
    0x08000202   0x00000000   Code   RO         1556    .ARM.Collect$$libinit$$0000000C  c_w.l(libinit2.o)
    0x08000202   0x00000000   Code   RO         1558    .ARM.Collect$$libinit$$0000000E  c_w.l(libinit2.o)
    0x08000202   0x00000006   Code   RO         1559    .ARM.Collect$$libinit$$0000000F  c_w.l(libinit2.o)
    0x08000208   0x00000000   Code   RO         1561    .ARM.Collect$$libinit$$00000011  c_w.l(libinit2.o)
    0x08000208   0x00000000   Code   RO         1563    .ARM.Collect$$libinit$$00000013  c_w.l(libinit2.o)
    0x08000208   0x00000000   Code   RO         1565    .ARM.Collect$$libinit$$00000015  c_w.l(libinit2.o)
    0x08000208   0x0000000a   Code   RO         1566    .ARM.Collect$$libinit$$00000016  c_w.l(libinit2.o)
    0x08000212   0x00000000   Code   RO         1567    .ARM.Collect$$libinit$$00000017  c_w.l(libinit2.o)
    0x08000212   0x00000000   Code   RO         1569    .ARM.Collect$$libinit$$00000019  c_w.l(libinit2.o)
    0x08000212   0x00000000   Code   RO         1571    .ARM.Collect$$libinit$$0000001B  c_w.l(libinit2.o)
    0x08000212   0x00000000   Code   RO         1573    .ARM.Collect$$libinit$$0000001D  c_w.l(libinit2.o)
    0x08000212   0x00000000   Code   RO         1575    .ARM.Collect$$libinit$$0000001F  c_w.l(libinit2.o)
    0x08000212   0x00000000   Code   RO         1577    .ARM.Collect$$libinit$$00000021  c_w.l(libinit2.o)
    0x08000212   0x00000000   Code   RO         1579    .ARM.Collect$$libinit$$00000023  c_w.l(libinit2.o)
    0x08000212   0x00000000   Code   RO         1581    .ARM.Collect$$libinit$$00000025  c_w.l(libinit2.o)
    0x08000212   0x00000000   Code   RO         1585    .ARM.Collect$$libinit$$0000002C  c_w.l(libinit2.o)
    0x08000212   0x00000000   Code   RO         1587    .ARM.Collect$$libinit$$0000002E  c_w.l(libinit2.o)
    0x08000212   0x00000000   Code   RO         1589    .ARM.Collect$$libinit$$00000030  c_w.l(libinit2.o)
    0x08000212   0x00000000   Code   RO         1591    .ARM.Collect$$libinit$$00000032  c_w.l(libinit2.o)
    0x08000212   0x00000002   Code   RO         1592    .ARM.Collect$$libinit$$00000033  c_w.l(libinit2.o)
    0x08000214   0x00000002   Code   RO         1620    .ARM.Collect$$libshutdown$$00000000  c_w.l(libshutdown.o)
    0x08000216   0x00000000   Code   RO         1630    .ARM.Collect$$libshutdown$$00000003  c_w.l(libshutdown2.o)
    0x08000216   0x00000000   Code   RO         1633    .ARM.Collect$$libshutdown$$00000006  c_w.l(libshutdown2.o)
    0x08000216   0x00000000   Code   RO         1636    .ARM.Collect$$libshutdown$$00000009  c_w.l(libshutdown2.o)
    0x08000216   0x00000000   Code   RO         1638    .ARM.Collect$$libshutdown$$0000000B  c_w.l(libshutdown2.o)
    0x08000216   0x00000000   Code   RO         1641    .ARM.Collect$$libshutdown$$0000000E  c_w.l(libshutdown2.o)
    0x08000216   0x00000002   Code   RO         1642    .ARM.Collect$$libshutdown$$0000000F  c_w.l(libshutdown2.o)
    0x08000218   0x00000000   Code   RO         1448    .ARM.Collect$$rtentry$$00000000  c_w.l(__rtentry.o)
    0x08000218   0x00000000   Code   RO         1474    .ARM.Collect$$rtentry$$00000002  c_w.l(__rtentry2.o)
    0x08000218   0x00000006   Code   RO         1486    .ARM.Collect$$rtentry$$00000004  c_w.l(__rtentry4.o)
    0x0800021e   0x00000000   Code   RO         1476    .ARM.Collect$$rtentry$$00000009  c_w.l(__rtentry2.o)
    0x0800021e   0x00000004   Code   RO         1477    .ARM.Collect$$rtentry$$0000000A  c_w.l(__rtentry2.o)
    0x08000222   0x00000000   Code   RO         1479    .ARM.Collect$$rtentry$$0000000C  c_w.l(__rtentry2.o)
    0x08000222   0x00000008   Code   RO         1480    .ARM.Collect$$rtentry$$0000000D  c_w.l(__rtentry2.o)
    0x0800022a   0x00000002   Code   RO         1593    .ARM.Collect$$rtexit$$00000000  c_w.l(rtexit.o)
    0x0800022c   0x00000000   Code   RO         1600    .ARM.Collect$$rtexit$$00000002  c_w.l(rtexit2.o)
    0x0800022c   0x00000004   Code   RO         1601    .ARM.Collect$$rtexit$$00000003  c_w.l(rtexit2.o)
    0x08000230   0x00000006   Code   RO         1602    .ARM.Collect$$rtexit$$00000004  c_w.l(rtexit2.o)
    0x08000236   0x00000002   PAD
    0x08000238   0x00000040   Code   RO            4    .text               startup_stm32f10x_hd.o
    0x08000278   0x000001e0   Code   RO           24    .text               system_stm32f10x.o
    0x08000458   0x000000dc   Code   RO          121    .text               misc.o
    0x08000534   0x0000011c   Code   RO          233    .text               stm32f10x_exti.o
    0x08000650   0x0000060c   Code   RO          257    .text               stm32f10x_fsmc.o
    0x08000c5c   0x0000035c   Code   RO          269    .text               stm32f10x_gpio.o
    0x08000fb8   0x000003a4   Code   RO          317    .text               stm32f10x_rcc.o
    0x0800135c   0x00000e1a   Code   RO          367    .text               stm32f10x_tim.o
    0x08002176   0x00000002   PAD
    0x08002178   0x00000408   Code   RO          379    .text               stm32f10x_usart.o
    0x08002580   0x00000058   Code   RO          403    .text               led.o
    0x080025d8   0x0000011c   Code   RO          421    .text               sram.o
    0x080026f4   0x00000680   Code   RO          436    .text               oled.o
    0x08002d74   0x000002b0   Code   RO          461    .text               key.o
    0x08003024   0x00000148   Code   RO          548    .text               usart.o
    0x0800316c   0x000007e8   Code   RO          571    .text               dm9000.o
    0x08003954   0x0000018c   Code   RO          596    .text               mhz14.o
    0x08003ae0   0x00000210   Code   RO          613    .text               dht11.o
    0x08003cf0   0x00000364   Code   RO          626    .text               main.o
    0x08004054   0x0000001a   Code   RO          688    .text               stm32f10x_it.o
    0x0800406e   0x00000002   PAD
    0x08004070   0x000000cc   Code   RO          703    .text               systick.o
    0x0800413c   0x00000234   Code   RO          717    .text               malloc.o
    0x08004370   0x00000214   Code   RO          739    .text               envirdata.o
    0x08004584   0x0000003e   Code   RO          758    .text               def.o
    0x080045c2   0x0000001c   Code   RO          782    .text               init.o
    0x080045de   0x00000002   PAD
    0x080045e0   0x000006b4   Code   RO          844    .text               mem.o
    0x08004c94   0x000001ac   Code   RO          859    .text               memp.o
    0x08004e40   0x00000334   Code   RO          892    .text               netif.o
    0x08005174   0x00000fe8   Code   RO          917    .text               pbuf.o
    0x0800615c   0x0000024c   Code   RO          932    .text               raw.o
    0x080063a8   0x0000145c   Code   RO          958    .text               tcp.o
    0x08007804   0x00001890   Code   RO          982    .text               tcp_in.o
    0x08009094   0x00001392   Code   RO         1008    .text               tcp_out.o
    0x0800a426   0x00000002   PAD
    0x0800a428   0x000002cc   Code   RO         1021    .text               timers.o
    0x0800a6f4   0x000005fc   Code   RO         1038    .text               udp.o
    0x0800acf0   0x00000444   Code   RO         1062    .text               icmp.o
    0x0800b134   0x000002b4   Code   RO         1093    .text               inet_chksum.o
    0x0800b3e8   0x00000458   Code   RO         1108    .text               ip.o
    0x0800b840   0x0000032c   Code   RO         1129    .text               ip_addr.o
    0x0800bb6c   0x00000a28   Code   RO         1152    .text               ip_frag.o
    0x0800c594   0x00000e6c   Code   RO         1229    .text               etharp.o
    0x0800d400   0x00000140   Code   RO         1250    .text               ethernetif.o
    0x0800d540   0x00000198   Code   RO         1270    .text               lwipcomm.o
    0x0800d6d8   0x0000033c   Code   RO         1302    .text               tcp_client.o
    0x0800da14   0x00000002   Code   RO         1344    .text               c_w.l(use_no_semi_2.o)
    0x0800da16   0x00000002   PAD
    0x0800da18   0x00000018   Code   RO         1350    .text               c_w.l(noretval__2printf.o)
    0x0800da30   0x00000028   Code   RO         1352    .text               c_w.l(noretval__2sprintf.o)
    0x0800da58   0x0000004e   Code   RO         1356    .text               c_w.l(_printf_pad.o)
    0x0800daa6   0x00000052   Code   RO         1358    .text               c_w.l(_printf_str.o)
    0x0800daf8   0x00000078   Code   RO         1360    .text               c_w.l(_printf_dec.o)
    0x0800db70   0x00000058   Code   RO         1365    .text               c_w.l(_printf_hex_int.o)
    0x0800dbc8   0x00000138   Code   RO         1395    .text               c_w.l(__printf_flags_wp.o)
    0x0800dd00   0x00000058   Code   RO         1408    .text               c_w.l(memcmp.o)
    0x0800dd58   0x00000048   Code   RO         1410    .text               c_w.l(strcpy.o)
    0x0800dda0   0x0000003e   Code   RO         1412    .text               c_w.l(strlen.o)
    0x0800ddde   0x0000008a   Code   RO         1414    .text               c_w.l(rt_memcpy_v6.o)
    0x0800de68   0x00000044   Code   RO         1416    .text               c_w.l(rt_memclr.o)
    0x0800deac   0x0000004e   Code   RO         1418    .text               c_w.l(rt_memclr_w.o)
    0x0800defa   0x00000002   PAD
    0x0800defc   0x00000080   Code   RO         1420    .text               c_w.l(strcmpv7m.o)
    0x0800df7c   0x00000006   Code   RO         1422    .text               c_w.l(heapauxi.o)
    0x0800df82   0x00000002   Code   RO         1446    .text               c_w.l(use_no_semi.o)
    0x0800df84   0x000000b2   Code   RO         1449    .text               c_w.l(_printf_intcommon.o)
    0x0800e036   0x0000041a   Code   RO         1451    .text               c_w.l(_printf_fp_dec.o)
    0x0800e450   0x00000030   Code   RO         1453    .text               c_w.l(_printf_char_common.o)
    0x0800e480   0x0000000a   Code   RO         1455    .text               c_w.l(_sputc.o)
    0x0800e48a   0x0000002c   Code   RO         1457    .text               c_w.l(_printf_char.o)
    0x0800e4b6   0x00000002   PAD
    0x0800e4b8   0x00000024   Code   RO         1459    .text               c_w.l(_printf_char_file.o)
    0x0800e4dc   0x00000064   Code   RO         1462    .text               c_w.l(rt_memcpy_w.o)
    0x0800e540   0x00000008   Code   RO         1491    .text               c_w.l(rt_locale_intlibspace.o)
    0x0800e548   0x0000008a   Code   RO         1493    .text               c_w.l(lludiv10.o)
    0x0800e5d2   0x00000002   PAD
    0x0800e5d4   0x00000080   Code   RO         1495    .text               c_w.l(_printf_fp_infnan.o)
    0x0800e654   0x000000dc   Code   RO         1499    .text               c_w.l(bigflt0.o)
    0x0800e730   0x00000008   Code   RO         1524    .text               c_w.l(ferror.o)
    0x0800e738   0x00000008   Code   RO         1535    .text               c_w.l(libspace.o)
    0x0800e740   0x0000004a   Code   RO         1538    .text               c_w.l(sys_stackheap_outer.o)
    0x0800e78a   0x0000000c   Code   RO         1540    .text               c_w.l(exit.o)
    0x0800e796   0x0000003e   Code   RO         1502    CL$$btod_d2e        c_w.l(btod.o)
    0x0800e7d4   0x00000046   Code   RO         1504    CL$$btod_d2e_denorm_low  c_w.l(btod.o)
    0x0800e81a   0x00000060   Code   RO         1503    CL$$btod_d2e_norm_op1  c_w.l(btod.o)
    0x0800e87a   0x00000338   Code   RO         1512    CL$$btod_div_common  c_w.l(btod.o)
    0x0800ebb2   0x000000c6   Code   RO         1509    CL$$btod_e2e        c_w.l(btod.o)
    0x0800ec78   0x00000028   Code   RO         1506    CL$$btod_ediv       c_w.l(btod.o)
    0x0800eca0   0x00000028   Code   RO         1505    CL$$btod_emul       c_w.l(btod.o)
    0x0800ecc8   0x00000244   Code   RO         1511    CL$$btod_mult_common  c_w.l(btod.o)
    0x0800ef0c   0x00000028   Code   RO         1533    i.__ARM_fpclassify  m_ws.l(fpclassify.o)
    0x0800ef34   0x0000000e   Code   RO         1393    i._is_digit         c_w.l(__printf_wp.o)
    0x0800ef42   0x00000002   PAD
    0x0800ef44   0x0000002c   Code   RO         1529    locale$$code        c_w.l(lc_numeric_c.o)
    0x0800ef70   0x00000062   Code   RO         1426    x$fpl$d2f           fz_ws.l(d2f.o)
    0x0800efd2   0x00000002   PAD
    0x0800efd4   0x00000150   Code   RO         1428    x$fpl$dadd          fz_ws.l(daddsub_clz.o)
    0x0800f124   0x00000026   Code   RO         1434    x$fpl$dfltu         fz_ws.l(dflt_clz.o)
    0x0800f14a   0x00000002   PAD
    0x0800f14c   0x00000154   Code   RO         1440    x$fpl$dmul          fz_ws.l(dmul.o)
    0x0800f2a0   0x0000009c   Code   RO         1464    x$fpl$dnaninf       fz_ws.l(dnaninf.o)
    0x0800f33c   0x0000000c   Code   RO         1466    x$fpl$dretinf       fz_ws.l(dretinf.o)
    0x0800f348   0x000001d4   Code   RO         1430    x$fpl$dsub          fz_ws.l(daddsub_clz.o)
    0x0800f51c   0x00000056   Code   RO         1442    x$fpl$f2d           fz_ws.l(f2d.o)
    0x0800f572   0x0000008c   Code   RO         1468    x$fpl$fnaninf       fz_ws.l(fnaninf.o)
    0x0800f5fe   0x0000000a   Code   RO         1470    x$fpl$fretinf       fz_ws.l(fretinf.o)
    0x0800f608   0x00000004   Code   RO         1444    x$fpl$printf1       fz_ws.l(printf1.o)
    0x0800f60c   0x00000000   Code   RO         1472    x$fpl$usenofp       fz_ws.l(usenofp.o)
    0x0800f60c   0x000018c0   Data   RO          438    .constdata          oled.o
    0x08010ecc   0x00000012   Data   RO          598    .constdata          mhz14.o
    0x08010ede   0x00000002   PAD
    0x08010ee0   0x00000018   Data   RO          721    .constdata          malloc.o
    0x08010ef8   0x00000028   Data   RO          861    .constdata          memp.o
    0x08010f20   0x00000050   Data   RO          959    .constdata          tcp.o
    0x08010f70   0x0000000c   Data   RO         1231    .constdata          etharp.o
    0x08010f7c   0x00000028   Data   RO         1366    .constdata          c_w.l(_printf_hex_int.o)
    0x08010fa4   0x00000011   Data   RO         1396    .constdata          c_w.l(__printf_flags_wp.o)
    0x08010fb5   0x00000003   PAD
    0x08010fb8   0x00000094   Data   RO         1500    .constdata          c_w.l(bigflt0.o)
    0x0801104c   0x00000070   Data   RO          862    .conststring        memp.o
    0x080110bc   0x0000006d   Data   RO          960    .conststring        tcp.o
    0x08011129   0x00000003   PAD
    0x0801112c   0x00000055   Data   RO         1009    .conststring        tcp_out.o
    0x08011181   0x00000003   PAD
    0x08011184   0x00000044   Data   RO         1232    .conststring        etharp.o
    0x080111c8   0x00000020   Data   RO         1667    Region$$Table       anon$$obj.o
    0x080111e8   0x0000001c   Data   RO         1528    locale$$data        c_w.l(lc_numeric_c.o)


    Execution Region RW_IRAM1 (Base: 0x20000000, Size: 0x00008db8, Max: 0x00010000, ABSOLUTE, COMPRESSED[0x00000064])

    Base Addr    Size         Type   Attr      Idx    E Section Name        Object

    0x20000000   0x00000014   Data   RW           25    .data               system_stm32f10x.o
    0x20000014   0x00000014   Data   RW          318    .data               stm32f10x_rcc.o
    0x20000028   0x00000001   Data   RW          462    .data               key.o
    0x20000029   0x00000003   PAD
    0x2000002c   0x00000008   Data   RW          550    .data               usart.o
    0x20000034   0x00000001   Data   RW          599    .data               mhz14.o
    0x20000035   0x00000004   Data   RW          627    .data               main.o
    0x20000039   0x00000003   PAD
    0x2000003c   0x00000008   Data   RW          704    .data               systick.o
    0x20000044   0x0000001c   Data   RW          722    .data               malloc.o
    0x20000060   0x00000003   Data   RW          741    .data               envirdata.o
    0x20000063   0x00000001   PAD
    0x20000064   0x00000010   Data   RW          845    .data               mem.o
    0x20000074   0x0000002c   Data   RW          863    .data               memp.o
    0x200000a0   0x00000009   Data   RW          893    .data               netif.o
    0x200000a9   0x00000003   PAD
    0x200000ac   0x00000004   Data   RW          933    .data               raw.o
    0x200000b0   0x00000024   Data   RW          961    .data               tcp.o
    0x200000d4   0x00000020   Data   RW          984    .data               tcp_in.o
    0x200000f4   0x0000000c   Data   RW         1022    .data               timers.o
    0x20000100   0x00000008   Data   RW         1039    .data               udp.o
    0x20000108   0x00000012   Data   RW         1109    .data               ip.o
    0x2000011a   0x00000002   PAD
    0x2000011c   0x00000006   Data   RW         1153    .data               ip_frag.o
    0x20000122   0x00000001   Data   RW         1233    .data               etharp.o
    0x20000123   0x00000001   PAD
    0x20000124   0x00000010   Data   RW         1272    .data               lwipcomm.o
    0x20000134   0x00000008   Data   RW         1304    .data               tcp_client.o
    0x2000013c   0x00000400   Zero   RW          437    .bss                oled.o
    0x2000053c   0x000000c8   Zero   RW          549    .bss                usart.o
    0x20000604   0x00000012   Zero   RW          572    .bss                dm9000.o
    0x20000616   0x00000009   Zero   RW          597    .bss                mhz14.o
    0x2000061f   0x00000001   PAD
    0x20000620   0x00007f80   Zero   RW          720    .bss                malloc.o
    0x200085a0   0x00000048   Zero   RW          740    .bss                envirdata.o
    0x200085e8   0x00000028   Zero   RW          860    .bss                memp.o
    0x20008610   0x00000014   Zero   RW          983    .bss                tcp_in.o
    0x20008624   0x00000010   Zero   RW         1130    .bss                ip_addr.o
    0x20008634   0x000000c8   Zero   RW         1230    .bss                etharp.o
    0x200086fc   0x00000046   Zero   RW         1271    .bss                lwipcomm.o
    0x20008742   0x00000014   Zero   RW         1303    .bss                tcp_client.o
    0x20008756   0x00000002   PAD
    0x20008758   0x00000060   Zero   RW         1536    .bss                c_w.l(libspace.o)
    0x200087b8   0x00000200   Zero   RW            2    HEAP                startup_stm32f10x_hd.o
    0x200089b8   0x00000400   Zero   RW            1    STACK               startup_stm32f10x_hd.o



  Load Region LR$$.ARM.__AT_0x68000000 (Base: 0x68000000, Size: 0x00000000, Max: 0x000f0000, ABSOLUTE)

    Execution Region ER$$.ARM.__AT_0x68000000 (Base: 0x68000000, Size: 0x000f0000, Max: 0x000f0000, ABSOLUTE, UNINIT)

    Base Addr    Size         Type   Attr      Idx    E Section Name        Object

    0x68000000   0x000f0000   Zero   RW          718    .ARM.__AT_0x68000000  malloc.o



  Load Region LR$$.ARM.__AT_0x680F0000 (Base: 0x680f0000, Size: 0x00000000, Max: 0x0000f000, ABSOLUTE)

    Execution Region ER$$.ARM.__AT_0x680F0000 (Base: 0x680f0000, Size: 0x0000f000, Max: 0x0000f000, ABSOLUTE, UNINIT)

    Base Addr    Size         Type   Attr      Idx    E Section Name        Object

    0x680f0000   0x0000f000   Zero   RW          719    .ARM.__AT_0x680F0000  malloc.o


==============================================================================

Image component sizes


      Code (inc. data)   RO Data    RW Data    ZI Data      Debug   Object Name

         0          0          0          0          0       4504   core_cm3.o
        62          0          0          0          0       1094   def.o
       528         26          0          0          0       1837   dht11.o
      2024        318          0          0         18       8883   dm9000.o
       532         70          0          3         72       2650   envirdata.o
      3692        604         80          1        200       9811   etharp.o
       320        118          0          0          0       3094   ethernetif.o
      1092        372          0          0          0       2634   icmp.o
         0          0          0          0          0       3832   inet.o
       692        104          0          0          0       2969   inet_chksum.o
        28          0          0          0          0      10697   init.o
      1112        172          0         18          0       6183   ip.o
       812        112          0          0         16       9011   ip_addr.o
      2600        486          0          6          0       6672   ip_frag.o
       688        104          0          1          0      19190   key.o
        88          8          0          0          0        495   led.o
       408         66          0         16         70       4991   lwipcomm.o
       868        202          0          4          0       2374   main.o
       564         18         24         28    1077120       4606   malloc.o
      1716        532          0         16          0       3934   mem.o
       428        196        152         44         40       3512   memp.o
       396         28         18          1          9       1923   mhz14.o
       220         22          0          0          0       1793   misc.o
       820        126          0          9          0       6101   netif.o
      1664         34       6336          0       1024       6288   oled.o
      4072       1236          0          0          0       8989   pbuf.o
       588        134          0          4          0       3297   raw.o
       284         16          0          0          0       1921   sram.o
        64         26        304          0       1536        824   startup_stm32f10x_hd.o
       284         10          0          0          0       2231   stm32f10x_exti.o
      1548         18          0          0          0       5339   stm32f10x_fsmc.o
       860         38          0          0          0       5637   stm32f10x_gpio.o
        26          0          0          0          0       1206   stm32f10x_it.o
       932         36          0         20          0       8804   stm32f10x_rcc.o
      3610         88          0          0          0      22128   stm32f10x_tim.o
      1032         22          0          0          0       8364   stm32f10x_usart.o
       480         38          0         20          0     260123   system_stm32f10x.o
       204         18          0          8          0       1001   systick.o
      5212       1100        189         36          0      21515   tcp.o
       828        130          0          8         20       4351   tcp_client.o
      6288        964          0         32         20      15103   tcp_in.o
      5010        956         85          0          0       9699   tcp_out.o
       716        182          0         12          0       2739   timers.o
      1532        202          0          8          0       6874   udp.o
       328         16          0          8        200       3175   usart.o

    ----------------------------------------------------------------------
     55260       8948       7228        316    1080348     522398   Object Totals
         0          0         32          0          0          0   (incl. Generated)
         8          0          8         13          3          0   (incl. Padding)

    ----------------------------------------------------------------------

      Code (inc. data)   RO Data    RW Data    ZI Data      Debug   Library Member Name

        90          0          0          0          0          0   __dczerorl2.o
         8          0          0          0          0         68   __main.o
       312          4         17          0          0         92   __printf_flags_wp.o
        14          0          0          0          0         68   __printf_wp.o
         0          0          0          0          0          0   __rtentry.o
        12          0          0          0          0          0   __rtentry2.o
         6          0          0          0          0          0   __rtentry4.o
        52          8          0          0          0          0   __scatter.o
        28          0          0          0          0          0   __scatter_zi.o
        44          0          0          0          0        108   _printf_char.o
        48          6          0          0          0         96   _printf_char_common.o
        36          4          0          0          0         80   _printf_char_file.o
         6          0          0          0          0          0   _printf_d.o
       120         16          0          0          0         92   _printf_dec.o
         6          0          0          0          0          0   _printf_f.o
      1050          0          0          0          0        216   _printf_fp_dec.o
       128         16          0          0          0         84   _printf_fp_infnan.o
        88          4         40          0          0         88   _printf_hex_int.o
       178          0          0          0          0         88   _printf_intcommon.o
        78          0          0          0          0        108   _printf_pad.o
         0          0          0          0          0          0   _printf_percent.o
         4          0          0          0          0          0   _printf_percent_end.o
         6          0          0          0          0          0   _printf_s.o
        82          0          0          0          0         80   _printf_str.o
         6          0          0          0          0          0   _printf_x.o
        10          0          0          0          0         68   _sputc.o
       220          4        148          0          0         96   bigflt0.o
      1910        128          0          0          0        672   btod.o
        12          0          0          0          0         72   exit.o
         8          0          0          0          0         68   ferror.o
         6          0          0          0          0        152   heapauxi.o
        44         10         28          0          0         76   lc_numeric_c.o
         2          0          0          0          0          0   libinit.o
        18          0          0          0          0          0   libinit2.o
         2          0          0          0          0          0   libshutdown.o
         2          0          0          0          0          0   libshutdown2.o
         8          4          0          0         96         68   libspace.o
       138          0          0          0          0         80   lludiv10.o
        88          0          0          0          0         76   memcmp.o
        24          4          0          0          0         84   noretval__2printf.o
        40          6          0          0          0         84   noretval__2sprintf.o
         8          4          0          0          0         68   rt_locale_intlibspace.o
        68          0          0          0          0         68   rt_memclr.o
        78          0          0          0          0         80   rt_memclr_w.o
       138          0          0          0          0         68   rt_memcpy_v6.o
       100          0          0          0          0         80   rt_memcpy_w.o
         2          0          0          0          0          0   rtexit.o
        10          0          0          0          0          0   rtexit2.o
       128          0          0          0          0         68   strcmpv7m.o
        72          0          0          0          0         80   strcpy.o
        62          0          0          0          0         76   strlen.o
        74          0          0          0          0         80   sys_stackheap_outer.o
         2          0          0          0          0         68   use_no_semi.o
         2          0          0          0          0         68   use_no_semi_2.o
        98          4          0          0          0         92   d2f.o
       804         16          0          0          0        272   daddsub_clz.o
        38          0          0          0          0         68   dflt_clz.o
       340         12          0          0          0        104   dmul.o
       156          4          0          0          0         92   dnaninf.o
        12          0          0          0          0         68   dretinf.o
        86          4          0          0          0         84   f2d.o
       140          4          0          0          0         84   fnaninf.o
        10          0          0          0          0         68   fretinf.o
         4          0          0          0          0         68   printf1.o
         0          0          0          0          0          0   usenofp.o
        40          0          0          0          0         68   fpclassify.o

    ----------------------------------------------------------------------
      7424        262        236          0         96       4736   Library Totals
        18          0          3          0          0          0   (incl. Padding)

    ----------------------------------------------------------------------

      Code (inc. data)   RO Data    RW Data    ZI Data      Debug   Library Name

      5678        218        233          0         96       3668   c_w.l
      1688         44          0          0          0       1000   fz_ws.l
        40          0          0          0          0         68   m_ws.l

    ----------------------------------------------------------------------
      7424        262        236          0         96       4736   Library Totals

    ----------------------------------------------------------------------

==============================================================================


      Code (inc. data)   RO Data    RW Data    ZI Data      Debug   

     62684       9210       7464        316    1080444     520786   Grand Totals
     62684       9210       7464        100    1080444     520786   ELF Image Totals (compressed)
     62684       9210       7464        100          0          0   ROM Totals

==============================================================================

    Total RO  Size (Code + RO Data)                70148 (  68.50kB)
    Total RW  Size (RW Data + ZI Data)           1080760 (1055.43kB)
    Total ROM Size (Code + RO Data + RW Data)      70248 (  68.60kB)

==============================================================================

